Archive member included to satisfy reference by file (symbol)

c:/users/jarne/appdata/roaming/code/user/globalstorage/bmd.stm32-for-vscode/@xpack-dev-tools/arm-none-eabi-gcc/12.2.1-1.2.1/.content/bin/../lib/gcc/arm-none-eabi/12.2.1/../../../../arm-none-eabi/lib/thumb/v6-m/nofp\libc_nano.a(libc_a-atexit.o)
                              c:/users/jarne/appdata/roaming/code/user/globalstorage/bmd.stm32-for-vscode/@xpack-dev-tools/arm-none-eabi-gcc/12.2.1-1.2.1/.content/bin/../lib/gcc/arm-none-eabi/12.2.1/../../../../arm-none-eabi/lib/thumb/v6-m/nofp/crt0.o (atexit)
c:/users/jarne/appdata/roaming/code/user/globalstorage/bmd.stm32-for-vscode/@xpack-dev-tools/arm-none-eabi-gcc/12.2.1-1.2.1/.content/bin/../lib/gcc/arm-none-eabi/12.2.1/../../../../arm-none-eabi/lib/thumb/v6-m/nofp\libc_nano.a(libc_a-exit.o)
                              c:/users/jarne/appdata/roaming/code/user/globalstorage/bmd.stm32-for-vscode/@xpack-dev-tools/arm-none-eabi-gcc/12.2.1-1.2.1/.content/bin/../lib/gcc/arm-none-eabi/12.2.1/../../../../arm-none-eabi/lib/thumb/v6-m/nofp/crt0.o (exit)
c:/users/jarne/appdata/roaming/code/user/globalstorage/bmd.stm32-for-vscode/@xpack-dev-tools/arm-none-eabi-gcc/12.2.1-1.2.1/.content/bin/../lib/gcc/arm-none-eabi/12.2.1/../../../../arm-none-eabi/lib/thumb/v6-m/nofp\libc_nano.a(libc_a-findfp.o)
                              c:/users/jarne/appdata/roaming/code/user/globalstorage/bmd.stm32-for-vscode/@xpack-dev-tools/arm-none-eabi-gcc/12.2.1-1.2.1/.content/bin/../lib/gcc/arm-none-eabi/12.2.1/../../../../arm-none-eabi/lib/thumb/v6-m/nofp\libc_nano.a(libc_a-exit.o) (__stdio_exit_handler)
c:/users/jarne/appdata/roaming/code/user/globalstorage/bmd.stm32-for-vscode/@xpack-dev-tools/arm-none-eabi-gcc/12.2.1-1.2.1/.content/bin/../lib/gcc/arm-none-eabi/12.2.1/../../../../arm-none-eabi/lib/thumb/v6-m/nofp\libc_nano.a(libc_a-fwalk.o)
                              c:/users/jarne/appdata/roaming/code/user/globalstorage/bmd.stm32-for-vscode/@xpack-dev-tools/arm-none-eabi-gcc/12.2.1-1.2.1/.content/bin/../lib/gcc/arm-none-eabi/12.2.1/../../../../arm-none-eabi/lib/thumb/v6-m/nofp\libc_nano.a(libc_a-findfp.o) (_fwalk_sglue)
c:/users/jarne/appdata/roaming/code/user/globalstorage/bmd.stm32-for-vscode/@xpack-dev-tools/arm-none-eabi-gcc/12.2.1-1.2.1/.content/bin/../lib/gcc/arm-none-eabi/12.2.1/../../../../arm-none-eabi/lib/thumb/v6-m/nofp\libc_nano.a(libc_a-stdio.o)
                              c:/users/jarne/appdata/roaming/code/user/globalstorage/bmd.stm32-for-vscode/@xpack-dev-tools/arm-none-eabi-gcc/12.2.1-1.2.1/.content/bin/../lib/gcc/arm-none-eabi/12.2.1/../../../../arm-none-eabi/lib/thumb/v6-m/nofp\libc_nano.a(libc_a-findfp.o) (__sread)
c:/users/jarne/appdata/roaming/code/user/globalstorage/bmd.stm32-for-vscode/@xpack-dev-tools/arm-none-eabi-gcc/12.2.1-1.2.1/.content/bin/../lib/gcc/arm-none-eabi/12.2.1/../../../../arm-none-eabi/lib/thumb/v6-m/nofp\libc_nano.a(libc_a-memset.o)
                              c:/users/jarne/appdata/roaming/code/user/globalstorage/bmd.stm32-for-vscode/@xpack-dev-tools/arm-none-eabi-gcc/12.2.1-1.2.1/.content/bin/../lib/gcc/arm-none-eabi/12.2.1/../../../../arm-none-eabi/lib/thumb/v6-m/nofp/crt0.o (memset)
c:/users/jarne/appdata/roaming/code/user/globalstorage/bmd.stm32-for-vscode/@xpack-dev-tools/arm-none-eabi-gcc/12.2.1-1.2.1/.content/bin/../lib/gcc/arm-none-eabi/12.2.1/../../../../arm-none-eabi/lib/thumb/v6-m/nofp\libc_nano.a(libc_a-closer.o)
                              c:/users/jarne/appdata/roaming/code/user/globalstorage/bmd.stm32-for-vscode/@xpack-dev-tools/arm-none-eabi-gcc/12.2.1-1.2.1/.content/bin/../lib/gcc/arm-none-eabi/12.2.1/../../../../arm-none-eabi/lib/thumb/v6-m/nofp\libc_nano.a(libc_a-stdio.o) (_close_r)
c:/users/jarne/appdata/roaming/code/user/globalstorage/bmd.stm32-for-vscode/@xpack-dev-tools/arm-none-eabi-gcc/12.2.1-1.2.1/.content/bin/../lib/gcc/arm-none-eabi/12.2.1/../../../../arm-none-eabi/lib/thumb/v6-m/nofp\libc_nano.a(libc_a-reent.o)
                              c:/users/jarne/appdata/roaming/code/user/globalstorage/bmd.stm32-for-vscode/@xpack-dev-tools/arm-none-eabi-gcc/12.2.1-1.2.1/.content/bin/../lib/gcc/arm-none-eabi/12.2.1/../../../../arm-none-eabi/lib/thumb/v6-m/nofp\libc_nano.a(libc_a-closer.o) (errno)
c:/users/jarne/appdata/roaming/code/user/globalstorage/bmd.stm32-for-vscode/@xpack-dev-tools/arm-none-eabi-gcc/12.2.1-1.2.1/.content/bin/../lib/gcc/arm-none-eabi/12.2.1/../../../../arm-none-eabi/lib/thumb/v6-m/nofp\libc_nano.a(libc_a-impure.o)
                              c:/users/jarne/appdata/roaming/code/user/globalstorage/bmd.stm32-for-vscode/@xpack-dev-tools/arm-none-eabi-gcc/12.2.1-1.2.1/.content/bin/../lib/gcc/arm-none-eabi/12.2.1/../../../../arm-none-eabi/lib/thumb/v6-m/nofp\libc_nano.a(libc_a-reent.o) (_impure_ptr)
c:/users/jarne/appdata/roaming/code/user/globalstorage/bmd.stm32-for-vscode/@xpack-dev-tools/arm-none-eabi-gcc/12.2.1-1.2.1/.content/bin/../lib/gcc/arm-none-eabi/12.2.1/../../../../arm-none-eabi/lib/thumb/v6-m/nofp\libc_nano.a(libc_a-lseekr.o)
[...]
Memory Configuration

Name             Origin             Length             Attributes
RAM              0x0000000020000000 0x0000000000000800 xrw
FLASH            0x0000000008000000 0x0000000000002000 xr
*default*        0x0000000000000000 0xffffffffffffffff

Linker script and memory map

LOAD c:/users/jarne/appdata/roaming/code/user/globalstorage/bmd.stm32-for-vscode/@xpack-dev-tools/arm-none-eabi-gcc/12.2.1-1.2.1/.content/bin/../lib/gcc/arm-none-eabi/12.2.1/thumb/v6-m/nofp/crti.o
LOAD c:/users/jarne/appdata/roaming/code/user/globalstorage/bmd.stm32-for-vscode/@xpack-dev-tools/arm-none-eabi-gcc/12.2.1-1.2.1/.content/bin/../lib/gcc/arm-none-eabi/12.2.1/thumb/v6-m/nofp/crtbegin.o
LOAD c:/users/jarne/appdata/roaming/code/user/globalstorage/bmd.stm32-for-vscode/@xpack-dev-tools/arm-none-eabi-gcc/12.2.1-1.2.1/.content/bin/../lib/gcc/arm-none-eabi/12.2.1/../../../../arm-none-eabi/lib/thumb/v6-m/nofp/crt0.o
LOAD build/circular_buffer.o
LOAD build/main.o
LOAD build/modulator.o
LOAD build/stm32l0xx_hal_msp.o
LOAD build/stm32l0xx_it.o
LOAD build/system_stm32l0xx.o
LOAD build/stm32l0xx_hal.o
LOAD build/stm32l0xx_hal_cortex.o
LOAD build/stm32l0xx_hal_dma.o
LOAD build/stm32l0xx_hal_exti.o
LOAD build/stm32l0xx_hal_flash.o
LOAD build/stm32l0xx_hal_flash_ex.o
LOAD build/stm32l0xx_hal_flash_ramfunc.o
LOAD build/stm32l0xx_hal_gpio.o
LOAD build/stm32l0xx_hal_i2c.o
LOAD build/stm32l0xx_hal_i2c_ex.o
LOAD build/stm32l0xx_hal_pwr.o
LOAD build/stm32l0xx_hal_pwr_ex.o
LOAD build/stm32l0xx_hal_rcc.o
LOAD build/stm32l0xx_hal_rcc_ex.o
LOAD build/stm32l0xx_hal_tim.o
LOAD build/stm32l0xx_hal_tim_ex.o
LOAD build/startup_stm32l011xx.o
LOAD c:/users/jarne/appdata/roaming/code/user/globalstorage/bmd.stm32-for-vscode/@xpack-dev-tools/arm-none-eabi-gcc/12.2.1-1.2.1/.content/bin/../lib/gcc/arm-none-eabi/12.2.1/../../../../arm-none-eabi/lib/thumb/v6-m/nofp\libc_nano.a
LOAD c:/users/jarne/appdata/roaming/code/user/globalstorage/bmd.stm32-for-vscode/@xpack-dev-tools/arm-none-eabi-gcc/12.2.1-1.2.1/.content/bin/../lib/gcc/arm-none-eabi/12.2.1/../../../../arm-none-eabi/lib/thumb/v6-m/nofp\libm.a
LOAD c:/users/jarne/appdata/roaming/code/user/globalstorage/bmd.stm32-for-vscode/@xpack-dev-tools/arm-none-eabi-gcc/12.2.1-1.2.1/.content/bin/../lib/gcc/arm-none-eabi/12.2.1/../../../../arm-none-eabi/lib/thumb/v6-m/nofp\libnosys.a
START GROUP
LOAD c:/users/jarne/appdata/roaming/code/user/globalstorage/bmd.stm32-for-vscode/@xpack-dev-tools/arm-none-eabi-gcc/12.2.1-1.2.1/.content/bin/../lib/gcc/arm-none-eabi/12.2.1/thumb/v6-m/nofp\libgcc.a
LOAD c:/users/jarne/appdata/roaming/code/user/globalstorage/bmd.stm32-for-vscode/@xpack-dev-tools/arm-none-eabi-gcc/12.2.1-1.2.1/.content/bin/../lib/gcc/arm-none-eabi/12.2.1/../../../../arm-none-eabi/lib/thumb/v6-m/nofp\libc_nano.a
END GROUP
START GROUP
LOAD c:/users/jarne/appdata/roaming/code/user/globalstorage/bmd.stm32-for-vscode/@xpack-dev-tools/arm-none-eabi-gcc/12.2.1-1.2.1/.content/bin/../lib/gcc/arm-none-eabi/12.2.1/thumb/v6-m/nofp\libgcc.a
LOAD c:/users/jarne/appdata/roaming/code/user/globalstorage/bmd.stm32-for-vscode/@xpack-dev-tools/arm-none-eabi-gcc/12.2.1-1.2.1/.content/bin/../lib/gcc/arm-none-eabi/12.2.1/../../../../arm-none-eabi/lib/thumb/v6-m/nofp\libc_nano.a
END GROUP
LOAD c:/users/jarne/appdata/roaming/code/user/globalstorage/bmd.stm32-for-vscode/@xpack-dev-tools/arm-none-eabi-gcc/12.2.1-1.2.1/.content/bin/../lib/gcc/arm-none-eabi/12.2.1/thumb/v6-m/nofp/crtend.o
LOAD c:/users/jarne/appdata/roaming/code/user/globalstorage/bmd.stm32-for-vscode/@xpack-dev-tools/arm-none-eabi-gcc/12.2.1-1.2.1/.content/bin/../lib/gcc/arm-none-eabi/12.2.1/thumb/v6-m/nofp/crtn.o
                0x0000000020000800                _estack = (ORIGIN (RAM) + LENGTH (RAM))
                0x0000000000000200                _Min_Heap_Size = 0x200
                0x0000000000000400                _Min_Stack_Size = 0x400

.isr_vector     0x0000000008000000       0xc0
                0x0000000008000000                . = ALIGN (0x4)
 *(.isr_vector)
 .isr_vector    0x0000000008000000       0xc0 build/startup_stm32l011xx.o
                0x0000000008000000                g_pfnVectors
                0x00000000080000c0                . = ALIGN (0x4)

.text           0x00000000080000c0     0x1c84
                0x00000000080000c0                . = ALIGN (0x4)
 *(.text)
 .text          0x00000000080000c0      0x114 c:/users/jarne/appdata/roaming/code/user/globalstorage/bmd.stm32-for-vscode/@xpack-dev-tools/arm-none-eabi-gcc/12.2.1-1.2.1/.content/bin/../lib/gcc/arm-none-eabi/12.2.1/thumb/v6-m/nofp\libgcc.a(_udivsi3.o)
                0x00000000080000c0                __aeabi_uidiv
                0x00000000080000c0                __udivsi3
                0x00000000080001cc                __aeabi_uidivmod
 .text          0x00000000080001d4      0x1d4 c:/users/jarne/appdata/roaming/code/user/globalstorage/bmd.stm32-for-vscode/@xpack-dev-tools/arm-none-eabi-gcc/12.2.1-1.2.1/.content/bin/../lib/gcc/arm-none-eabi/12.2.1/thumb/v6-m/nofp\libgcc.a(_divsi3.o)
                0x00000000080001d4                __divsi3
                0x00000000080001d4                __aeabi_idiv
                0x00000000080003a0                __aeabi_idivmod
 .text          0x00000000080003a8        0x4 c:/users/jarne/appdata/roaming/code/user/globalstorage/bmd.stm32-for-vscode/@xpack-dev-tools/arm-none-eabi-gcc/12.2.1-1.2.1/.content/bin/../lib/gcc/arm-none-eabi/12.2.1/thumb/v6-m/nofp\libgcc.a(_dvmd_tls.o)
                0x00000000080003a8                __aeabi_idiv0
                0x00000000080003a8                __aeabi_ldiv0
 .text          0x00000000080003ac       0x40 c:/users/jarne/appdata/roaming/code/user/globalstorage/bmd.stm32-for-vscode/@xpack-dev-tools/arm-none-eabi-gcc/12.2.1-1.2.1/.content/bin/../lib/gcc/arm-none-eabi/12.2.1/thumb/v6-m/nofp\libgcc.a(_aeabi_uldivmod.o)
                0x00000000080003ac                __aeabi_uldivmod
 .text          0x00000000080003ec       0x18 c:/users/jarne/appdata/roaming/code/user/globalstorage/bmd.stm32-for-vscode/@xpack-dev-tools/arm-none-eabi-gcc/12.2.1-1.2.1/.content/bin/../lib/gcc/arm-none-eabi/12.2.1/thumb/v6-m/nofp\libgcc.a(_clzdi2.o)
                0x00000000080003ec                __clzdi2
 .text          0x0000000008000404       0x3c c:/users/jarne/appdata/roaming/code/user/globalstorage/bmd.stm32-for-vscode/@xpack-dev-tools/arm-none-eabi-gcc/12.2.1-1.2.1/.content/bin/../lib/gcc/arm-none-eabi/12.2.1/thumb/v6-m/nofp\libgcc.a(_clzsi2.o)
                0x0000000008000404                __clzsi2
 *(.text*)
 .text.__do_global_dtors_aux
                0x0000000008000440       0x28 c:/users/jarne/appdata/roaming/code/user/globalstorage/bmd.stm32-for-vscode/@xpack-dev-tools/arm-none-eabi-gcc/12.2.1-1.2.1/.content/bin/../lib/gcc/arm-none-eabi/12.2.1/thumb/v6-m/nofp/crtbegin.o
 .text.frame_dummy
                0x0000000008000468       0x20 c:/users/jarne/appdata/roaming/code/user/globalstorage/bmd.stm32-for-vscode/@xpack-dev-tools/arm-none-eabi-gcc/12.2.1-1.2.1/.content/bin/../lib/gcc/arm-none-eabi/12.2.1/thumb/v6-m/nofp/crtbegin.o
 .text.init_buffer
                0x0000000008000488        0xc build/circular_buffer.o
                0x0000000008000488                init_buffer
 .text.push     0x0000000008000494       0x18 build/circular_buffer.o
                0x0000000008000494                push
 .text.pull     0x00000000080004ac       0x18 build/circular_buffer.o
                0x00000000080004ac                pull
 .text.is_empty
                0x00000000080004c4        0xe build/circular_buffer.o
                0x00000000080004c4                is_empty
 *fill*         0x00000000080004d2        0x2 
 .text.MX_GPIO_Init
                0x00000000080004d4       0x5c build/main.o
 .text.HAL_TIM_PeriodElapsedCallback
                0x0000000008000530       0xe8 build/main.o
                0x0000000008000530                HAL_TIM_PeriodElapsedCallback
 .text.Error_Handler
                0x0000000008000618        0x4 build/main.o
                0x0000000008000618                Error_Handler
 .text.MX_TIM2_Init
                0x000000000800061c       0x74 build/main.o
 .text.MX_TIM21_Init
                0x0000000008000690       0xb0 build/main.o
 .text.SystemClock_Config
                0x0000000008000740       0x74 build/main.o
                0x0000000008000740                SystemClock_Config
 .text.main     0x00000000080007b4       0x60 build/main.o
                0x00000000080007b4                main
 .text.init     0x0000000008000814       0x18 build/modulator.o
                0x0000000008000814                init
 .text.tx_byte  0x000000000800082c       0x14 build/modulator.o
                0x000000000800082c                tx_byte
 .text.check_tx_buffer
                0x0000000008000840       0x24 build/modulator.o
                0x0000000008000840                check_tx_buffer
 .text.HAL_MspInit
                0x0000000008000864       0x1c build/stm32l0xx_hal_msp.o
                0x0000000008000864                HAL_MspInit
 .text.HAL_TIM_Base_MspInit
                0x0000000008000880       0x54 build/stm32l0xx_hal_msp.o
                0x0000000008000880                HAL_TIM_Base_MspInit
 .text.HAL_TIM_MspPostInit
                0x00000000080008d4       0x54 build/stm32l0xx_hal_msp.o
                0x00000000080008d4                HAL_TIM_MspPostInit
 .text.NMI_Handler
                0x0000000008000928        0x2 build/stm32l0xx_it.o
                0x0000000008000928                NMI_Handler
 .text.HardFault_Handler
                0x000000000800092a        0x2 build/stm32l0xx_it.o
                0x000000000800092a                HardFault_Handler
 .text.SVC_Handler
                0x000000000800092c        0x2 build/stm32l0xx_it.o
                0x000000000800092c                SVC_Handler
 .text.PendSV_Handler
                0x000000000800092e        0x2 build/stm32l0xx_it.o
                0x000000000800092e                PendSV_Handler
 .text.SysTick_Handler
                0x0000000008000930        0x8 build/stm32l0xx_it.o
                0x0000000008000930                SysTick_Handler
 .text.TIM2_IRQHandler
                0x0000000008000938       0x10 build/stm32l0xx_it.o
                0x0000000008000938                TIM2_IRQHandler
 .text.TIM21_IRQHandler
                0x0000000008000948       0x10 build/stm32l0xx_it.o
                0x0000000008000948                TIM21_IRQHandler
 .text.SystemInit
                0x0000000008000958        0x2 build/system_stm32l0xx.o
                0x0000000008000958                SystemInit
 *fill*         0x000000000800095a        0x2 
 .text.HAL_InitTick
                0x000000000800095c       0x50 build/stm32l0xx_hal.o
                0x000000000800095c                HAL_InitTick
 .text.HAL_Init
                0x00000000080009ac       0x28 build/stm32l0xx_hal.o
                0x00000000080009ac                HAL_Init
 .text.HAL_IncTick
                0x00000000080009d4       0x18 build/stm32l0xx_hal.o
                0x00000000080009d4                HAL_IncTick
 .text.HAL_GetTick
                0x00000000080009ec        0xc build/stm32l0xx_hal.o
                0x00000000080009ec                HAL_GetTick
 .text.HAL_Delay
                0x00000000080009f8       0x24 build/stm32l0xx_hal.o
                0x00000000080009f8                HAL_Delay
 .text.__NVIC_SetPriority
                0x0000000008000a1c       0x60 build/stm32l0xx_hal_cortex.o
 .text.SysTick_Config
                0x0000000008000a7c       0x38 build/stm32l0xx_hal_cortex.o
 .text.HAL_NVIC_SetPriority
                0x0000000008000ab4        0x8 build/stm32l0xx_hal_cortex.o
                0x0000000008000ab4                HAL_NVIC_SetPriority
 .text.HAL_NVIC_EnableIRQ
                0x0000000008000abc       0x18 build/stm32l0xx_hal_cortex.o
                0x0000000008000abc                HAL_NVIC_EnableIRQ
 .text.HAL_SYSTICK_Config
                0x0000000008000ad4        0x8 build/stm32l0xx_hal_cortex.o
                0x0000000008000ad4                HAL_SYSTICK_Config
 .text.HAL_GPIO_Init
                0x0000000008000adc      0x170 build/stm32l0xx_hal_gpio.o
                0x0000000008000adc                HAL_GPIO_Init
 .text.HAL_GPIO_WritePin
                0x0000000008000c4c        0xc build/stm32l0xx_hal_gpio.o
                0x0000000008000c4c                HAL_GPIO_WritePin
 .text.HAL_RCC_GetSysClockFreq
                0x0000000008000c58       0xb0 build/stm32l0xx_hal_rcc.o
                0x0000000008000c58                HAL_RCC_GetSysClockFreq
 .text.HAL_RCC_OscConfig
                0x0000000008000d08      0x51c build/stm32l0xx_hal_rcc.o
                0x0000000008000d08                HAL_RCC_OscConfig
 .text.HAL_RCC_ClockConfig
                0x0000000008001224      0x1d8 build/stm32l0xx_hal_rcc.o
                0x0000000008001224                HAL_RCC_ClockConfig
 .text.TIM_Base_SetConfig
                0x00000000080013fc       0x50 build/stm32l0xx_hal_tim.o
 .text.TIM_OC1_SetConfig
                0x000000000800144c       0x2c build/stm32l0xx_hal_tim.o
 .text.TIM_OC2_SetConfig
                0x0000000008001478       0x34 build/stm32l0xx_hal_tim.o
 .text.TIM_OC3_SetConfig
                0x00000000080014ac       0x38 build/stm32l0xx_hal_tim.o
 .text.TIM_OC4_SetConfig
                0x00000000080014e4       0x3c build/stm32l0xx_hal_tim.o
 .text.TIM_TI1_ConfigInputStage
                0x0000000008001520       0x22 build/stm32l0xx_hal_tim.o
 *fill*         0x0000000008001542        0x2 
 .text.TIM_TI2_ConfigInputStage
                0x0000000008001544       0x28 build/stm32l0xx_hal_tim.o
 .text.TIM_ITRx_SetConfig
                0x000000000800156c       0x10 build/stm32l0xx_hal_tim.o
 .text.TIM_ETR_SetConfig
                0x000000000800157c       0x18 build/stm32l0xx_hal_tim.o
 .text.TIM_CCxChannelCmd
                0x0000000008001594       0x1a build/stm32l0xx_hal_tim.o
 .text.HAL_TIM_Base_Init
                0x00000000080015ae       0x48 build/stm32l0xx_hal_tim.o
                0x00000000080015ae                HAL_TIM_Base_Init
 *fill*         0x00000000080015f6        0x2 
 .text.HAL_TIM_Base_Start_IT
                0x00000000080015f8       0x58 build/stm32l0xx_hal_tim.o
                0x00000000080015f8                HAL_TIM_Base_Start_IT
 .text.HAL_TIM_OC_Start
                0x0000000008001650       0x1a build/stm32l0xx_hal_tim.o
                0x0000000008001650                HAL_TIM_OC_Start
 *fill*         0x000000000800166a        0x2 
 .text.HAL_TIM_OC_Stop
                0x000000000800166c       0x28 build/stm32l0xx_hal_tim.o
                0x000000000800166c                HAL_TIM_OC_Stop
 .text.HAL_TIM_PWM_MspInit
                0x0000000008001694        0x2 build/stm32l0xx_hal_tim.o
                0x0000000008001694                HAL_TIM_PWM_MspInit
 .text.HAL_TIM_PWM_Init
                0x0000000008001696       0x48 build/stm32l0xx_hal_tim.o
                0x0000000008001696                HAL_TIM_PWM_Init
 *fill*         0x00000000080016de        0x2 
 .text.HAL_TIM_PWM_ConfigChannel
                0x00000000080016e0       0xf0 build/stm32l0xx_hal_tim.o
                0x00000000080016e0                HAL_TIM_PWM_ConfigChannel
 .text.HAL_TIM_ConfigClockSource
                0x00000000080017d0      0x108 build/stm32l0xx_hal_tim.o
                0x00000000080017d0                HAL_TIM_ConfigClockSource
 .text.HAL_TIM_OC_DelayElapsedCallback
                0x00000000080018d8        0x2 build/stm32l0xx_hal_tim.o
                0x00000000080018d8                HAL_TIM_OC_DelayElapsedCallback
 .text.HAL_TIM_IC_CaptureCallback
                0x00000000080018da        0x2 build/stm32l0xx_hal_tim.o
                0x00000000080018da                HAL_TIM_IC_CaptureCallback
 .text.HAL_TIM_PWM_PulseFinishedCallback
                0x00000000080018dc        0x2 build/stm32l0xx_hal_tim.o
                0x00000000080018dc                HAL_TIM_PWM_PulseFinishedCallback
 .text.HAL_TIM_TriggerCallback
                0x00000000080018de        0x2 build/stm32l0xx_hal_tim.o
                0x00000000080018de                HAL_TIM_TriggerCallback
 .text.HAL_TIM_IRQHandler
                0x00000000080018e0      0x122 build/stm32l0xx_hal_tim.o
                0x00000000080018e0                HAL_TIM_IRQHandler
 *fill*         0x0000000008001a02        0x2 
 .text.HAL_TIMEx_MasterConfigSynchronization
                0x0000000008001a04       0x58 build/stm32l0xx_hal_tim_ex.o
                0x0000000008001a04                HAL_TIMEx_MasterConfigSynchronization
 .text.Reset_Handler
                0x0000000008001a5c       0x80 build/startup_stm32l011xx.o
                0x0000000008001a5c                Reset_Handler
 .text.Default_Handler
                0x0000000008001adc        0x2 build/startup_stm32l011xx.o
                0x0000000008001adc                ADC1_COMP_IRQHandler
                0x0000000008001adc                PVD_IRQHandler
                0x0000000008001adc                I2C1_IRQHandler
                0x0000000008001adc                SPI1_IRQHandler
                0x0000000008001adc                EXTI2_3_IRQHandler
                0x0000000008001adc                RTC_IRQHandler
                0x0000000008001adc                EXTI4_15_IRQHandler
                0x0000000008001adc                RCC_IRQHandler
                0x0000000008001adc                DMA1_Channel1_IRQHandler
                0x0000000008001adc                Default_Handler
                0x0000000008001adc                DMA1_Channel4_5_IRQHandler
                0x0000000008001adc                EXTI0_1_IRQHandler
                0x0000000008001adc                WWDG_IRQHandler
                0x0000000008001adc                LPUART1_IRQHandler
                0x0000000008001adc                DMA1_Channel2_3_IRQHandler
                0x0000000008001adc                USART2_IRQHandler
                0x0000000008001adc                FLASH_IRQHandler
                0x0000000008001adc                LPTIM1_IRQHandler
 .text.memset   0x0000000008001ade       0x10 c:/users/jarne/appdata/roaming/code/user/globalstorage/bmd.stm32-for-vscode/@xpack-dev-tools/arm-none-eabi-gcc/12.2.1-1.2.1/.content/bin/../lib/gcc/arm-none-eabi/12.2.1/../../../../arm-none-eabi/lib/thumb/v6-m/nofp\libc_nano.a(libc_a-memset.o)
                0x0000000008001ade                memset
 *fill*         0x0000000008001aee        0x2 
 .text.__libc_init_array
                0x0000000008001af0       0x48 c:/users/jarne/appdata/roaming/code/user/globalstorage/bmd.stm32-for-vscode/@xpack-dev-tools/arm-none-eabi-gcc/12.2.1-1.2.1/.content/bin/../lib/gcc/arm-none-eabi/12.2.1/../../../../arm-none-eabi/lib/thumb/v6-m/nofp\libc_nano.a(libc_a-init.o)
                0x0000000008001af0                __libc_init_array
 .text.__muldi3
                0x0000000008001b38       0x5c c:/users/jarne/appdata/roaming/code/user/globalstorage/bmd.stm32-for-vscode/@xpack-dev-tools/arm-none-eabi-gcc/12.2.1-1.2.1/.content/bin/../lib/gcc/arm-none-eabi/12.2.1/thumb/v6-m/nofp\libgcc.a(_muldi3.o)
                0x0000000008001b38                __muldi3
                0x0000000008001b38                __aeabi_lmul
 .text.__udivmoddi4
                0x0000000008001b94      0x198 c:/users/jarne/appdata/roaming/code/user/globalstorage/bmd.stm32-for-vscode/@xpack-dev-tools/arm-none-eabi-gcc/12.2.1-1.2.1/.content/bin/../lib/gcc/arm-none-eabi/12.2.1/thumb/v6-m/nofp\libgcc.a(_udivmoddi4.o)
                0x0000000008001b94                __udivmoddi4
 *(.glue_7)
 .glue_7        0x0000000008001d2c        0x0 linker stubs
 *(.glue_7t)
 .glue_7t       0x0000000008001d2c        0x0 linker stubs
 *(.eh_frame)
 .eh_frame      0x0000000008001d2c        0x0 c:/users/jarne/appdata/roaming/code/user/globalstorage/bmd.stm32-for-vscode/@xpack-dev-tools/arm-none-eabi-gcc/12.2.1-1.2.1/.content/bin/../lib/gcc/arm-none-eabi/12.2.1/thumb/v6-m/nofp/crtbegin.o
 *(.init)
 .init          0x0000000008001d2c        0x4 c:/users/jarne/appdata/roaming/code/user/globalstorage/bmd.stm32-for-vscode/@xpack-dev-tools/arm-none-eabi-gcc/12.2.1-1.2.1/.content/bin/../lib/gcc/arm-none-eabi/12.2.1/thumb/v6-m/nofp/crti.o
                0x0000000008001d2c                _init
 .init          0x0000000008001d30        0x8 c:/users/jarne/appdata/roaming/code/user/globalstorage/bmd.stm32-for-vscode/@xpack-dev-tools/arm-none-eabi-gcc/12.2.1-1.2.1/.content/bin/../lib/gcc/arm-none-eabi/12.2.1/thumb/v6-m/nofp/crtn.o
 *(.fini)
 .fini          0x0000000008001d38        0x4 c:/users/jarne/appdata/roaming/code/user/globalstorage/bmd.stm32-for-vscode/@xpack-dev-tools/arm-none-eabi-gcc/12.2.1-1.2.1/.content/bin/../lib/gcc/arm-none-eabi/12.2.1/thumb/v6-m/nofp/crti.o
                0x0000000008001d38                _fini
 .fini          0x0000000008001d3c        0x8 c:/users/jarne/appdata/roaming/code/user/globalstorage/bmd.stm32-for-vscode/@xpack-dev-tools/arm-none-eabi-gcc/12.2.1-1.2.1/.content/bin/../lib/gcc/arm-none-eabi/12.2.1/thumb/v6-m/nofp/crtn.o
                0x0000000008001d44                . = ALIGN (0x4)
                0x0000000008001d44                _etext = .

.vfp11_veneer   0x0000000008001d44        0x0
 .vfp11_veneer  0x0000000008001d44        0x0 linker stubs

.v4_bx          0x0000000008001d44        0x0
 .v4_bx         0x0000000008001d44        0x0 linker stubs

.iplt           0x0000000008001d44        0x0
 .iplt          0x0000000008001d44        0x0 c:/users/jarne/appdata/roaming/code/user/globalstorage/bmd.stm32-for-vscode/@xpack-dev-tools/arm-none-eabi-gcc/12.2.1-1.2.1/.content/bin/../lib/gcc/arm-none-eabi/12.2.1/thumb/v6-m/nofp/crtbegin.o

.rodata         0x0000000008001d44       0x1c
                0x0000000008001d44                . = ALIGN (0x4)
 *(.rodata)
 *(.rodata*)
 .rodata.PLLMulTable
                0x0000000008001d44        0x9 build/system_stm32l0xx.o
                0x0000000008001d44                PLLMulTable
 *fill*         0x0000000008001d4d        0x3 
 .rodata.AHBPrescTable
                0x0000000008001d50       0x10 build/system_stm32l0xx.o
                0x0000000008001d50                AHBPrescTable
                0x0000000008001d60                . = ALIGN (0x4)

.ARM.extab
 *(.ARM.extab* .gnu.linkonce.armextab.*)

.ARM            0x0000000008001d60        0x8
                0x0000000008001d60                __exidx_start = .
 *(.ARM.exidx*)
 .ARM.exidx.text.__udivmoddi4
                0x0000000008001d60        0x8 c:/users/jarne/appdata/roaming/code/user/globalstorage/bmd.stm32-for-vscode/@xpack-dev-tools/arm-none-eabi-gcc/12.2.1-1.2.1/.content/bin/../lib/gcc/arm-none-eabi/12.2.1/thumb/v6-m/nofp\libgcc.a(_udivmoddi4.o)
                0x0000000008001d68                __exidx_end = .

.rel.dyn        0x0000000008001d68        0x0
 .rel.iplt      0x0000000008001d68        0x0 c:/users/jarne/appdata/roaming/code/user/globalstorage/bmd.stm32-for-vscode/@xpack-dev-tools/arm-none-eabi-gcc/12.2.1-1.2.1/.content/bin/../lib/gcc/arm-none-eabi/12.2.1/thumb/v6-m/nofp/crtbegin.o

.preinit_array  0x0000000008001d68        0x0
                0x0000000008001d68                PROVIDE (__preinit_array_start = .)
 *(.preinit_array*)
                0x0000000008001d68                PROVIDE (__preinit_array_end = .)

.init_array     0x0000000008001d68        0x4
                0x0000000008001d68                PROVIDE (__init_array_start = .)
 *(SORT_BY_NAME(.init_array.*))
 *(.init_array*)
 .init_array    0x0000000008001d68        0x4 c:/users/jarne/appdata/roaming/code/user/globalstorage/bmd.stm32-for-vscode/@xpack-dev-tools/arm-none-eabi-gcc/12.2.1-1.2.1/.content/bin/../lib/gcc/arm-none-eabi/12.2.1/thumb/v6-m/nofp/crtbegin.o
                0x0000000008001d6c                PROVIDE (__init_array_end = .)

.fini_array     0x0000000008001d6c        0x4
                0x0000000008001d6c                PROVIDE (__fini_array_start = .)
 *(SORT_BY_NAME(.fini_array.*))
 *(.fini_array*)
 .fini_array    0x0000000008001d6c        0x4 c:/users/jarne/appdata/roaming/code/user/globalstorage/bmd.stm32-for-vscode/@xpack-dev-tools/arm-none-eabi-gcc/12.2.1-1.2.1/.content/bin/../lib/gcc/arm-none-eabi/12.2.1/thumb/v6-m/nofp/crtbegin.o
                0x0000000008001d70                PROVIDE (__fini_array_end = .)
                0x0000000008001d70                _sidata = LOADADDR (.data)

.data           0x0000000020000000        0xc load address 0x0000000008001d70
                0x0000000020000000                . = ALIGN (0x4)
                0x0000000020000000                _sdata = .
 *(.data)
 *(.data*)
 .data.SystemCoreClock
                0x0000000020000000        0x4 build/system_stm32l0xx.o
                0x0000000020000000                SystemCoreClock
 .data.uwTickFreq
                0x0000000020000004        0x1 build/stm32l0xx_hal.o
                0x0000000020000004                uwTickFreq
 *fill*         0x0000000020000005        0x3 
 .data.uwTickPrio
                0x0000000020000008        0x4 build/stm32l0xx_hal.o
                0x0000000020000008                uwTickPrio
                0x000000002000000c                . = ALIGN (0x4)
                0x000000002000000c                _edata = .

.igot.plt       0x000000002000000c        0x0 load address 0x0000000008001d7c
 .igot.plt      0x000000002000000c        0x0 c:/users/jarne/appdata/roaming/code/user/globalstorage/bmd.stm32-for-vscode/@xpack-dev-tools/arm-none-eabi-gcc/12.2.1-1.2.1/.content/bin/../lib/gcc/arm-none-eabi/12.2.1/thumb/v6-m/nofp/crtbegin.o
                0x000000002000000c                . = ALIGN (0x4)

.bss            0x000000002000000c       0xbc load address 0x0000000008001d7c
                0x000000002000000c                _sbss = .
                0x000000002000000c                __bss_start__ = _sbss
 *(.bss)
 *(.bss*)
 .bss.completed.1
                0x000000002000000c        0x1 c:/users/jarne/appdata/roaming/code/user/globalstorage/bmd.stm32-for-vscode/@xpack-dev-tools/arm-none-eabi-gcc/12.2.1-1.2.1/.content/bin/../lib/gcc/arm-none-eabi/12.2.1/thumb/v6-m/nofp/crtbegin.o
 *fill*         0x000000002000000d        0x3 
 .bss.object.0  0x0000000020000010       0x18 c:/users/jarne/appdata/roaming/code/user/globalstorage/bmd.stm32-for-vscode/@xpack-dev-tools/arm-none-eabi-gcc/12.2.1-1.2.1/.content/bin/../lib/gcc/arm-none-eabi/12.2.1/thumb/v6-m/nofp/crtbegin.o
 .bss.counter   0x0000000020000028        0x1 build/main.o
                0x0000000020000028                counter
 *fill*         0x0000000020000029        0x3 
 .bss.modulator
                0x000000002000002c        0x3 build/main.o
                0x000000002000002c                modulator
 *fill*         0x000000002000002f        0x1 
 .bss.htim21    0x0000000020000030       0x40 build/main.o
                0x0000000020000030                htim21
 .bss.htim2     0x0000000020000070       0x40 build/main.o
                0x0000000020000070                htim2
 .bss.tx_buffer_manager
                0x00000000200000b0        0x8 build/modulator.o
                0x00000000200000b0                tx_buffer_manager
 .bss.transmit_buffer
                0x00000000200000b8        0xa build/modulator.o
                0x00000000200000b8                transmit_buffer
 *fill*         0x00000000200000c2        0x2 
 .bss.uwTick    0x00000000200000c4        0x4 build/stm32l0xx_hal.o
                0x00000000200000c4                uwTick
 *(COMMON)
                0x00000000200000c8                . = ALIGN (0x4)
                0x00000000200000c8                _ebss = .
                0x00000000200000c8                __bss_end__ = _ebss

._user_heap_stack
                0x00000000200000c8      0x600 load address 0x0000000008001d7c
                0x00000000200000c8                . = ALIGN (0x8)
                0x00000000200000c8                PROVIDE (end = .)
                [!provide]                        PROVIDE (_end = .)
                0x00000000200002c8                . = (. + _Min_Heap_Size)
 *fill*         0x00000000200000c8      0x200 
                0x00000000200006c8                . = (. + _Min_Stack_Size)
 *fill*         0x00000000200002c8      0x400 
                0x00000000200006c8                . = ALIGN (0x8)

/DISCARD/
 libc.a(*)
 libm.a(*)
 libgcc.a(*)

.ARM.attributes
                0x0000000000000000       0x28
 *(.ARM.attributes)
 .ARM.attributes
                0x0000000000000000       0x1e c:/users/jarne/appdata/roaming/code/user/globalstorage/bmd.stm32-for-vscode/@xpack-dev-tools/arm-none-eabi-gcc/12.2.1-1.2.1/.content/bin/../lib/gcc/arm-none-eabi/12.2.1/thumb/v6-m/nofp/crti.o
 .ARM.attributes
                0x000000000000001e       0x2c c:/users/jarne/appdata/roaming/code/user/globalstorage/bmd.stm32-for-vscode/@xpack-dev-tools/arm-none-eabi-gcc/12.2.1-1.2.1/.content/bin/../lib/gcc/arm-none-eabi/12.2.1/thumb/v6-m/nofp/crtbegin.o
 .ARM.attributes
                0x000000000000004a       0x2c build/circular_buffer.o
 .ARM.attributes
                0x0000000000000076       0x2c build/main.o
 .ARM.attributes
                0x00000000000000a2       0x2c build/modulator.o
 .ARM.attributes
                0x00000000000000ce       0x2c build/stm32l0xx_hal_msp.o
 .ARM.attributes
                0x00000000000000fa       0x2c build/stm32l0xx_it.o
 .ARM.attributes
                0x0000000000000126       0x2c build/system_stm32l0xx.o
 .ARM.attributes
                0x0000000000000152       0x2c build/stm32l0xx_hal.o
 .ARM.attributes
                0x000000000000017e       0x2c build/stm32l0xx_hal_cortex.o
 .ARM.attributes
                0x00000000000001aa       0x2c build/stm32l0xx_hal_gpio.o
 .ARM.attributes
                0x00000000000001d6       0x2c build/stm32l0xx_hal_rcc.o
 .ARM.attributes
                0x0000000000000202       0x2c build/stm32l0xx_hal_tim.o
 .ARM.attributes
                0x000000000000022e       0x2c build/stm32l0xx_hal_tim_ex.o
 .ARM.attributes
                0x000000000000025a       0x22 build/startup_stm32l011xx.o
 .ARM.attributes
                0x000000000000027c       0x2c c:/users/jarne/appdata/roaming/code/user/globalstorage/bmd.stm32-for-vscode/@xpack-dev-tools/arm-none-eabi-gcc/12.2.1-1.2.1/.content/bin/../lib/gcc/arm-none-eabi/12.2.1/../../../../arm-none-eabi/lib/thumb/v6-m/nofp\libc_nano.a(libc_a-memset.o)
 .ARM.attributes
                0x00000000000002a8       0x2c c:/users/jarne/appdata/roaming/code/user/globalstorage/bmd.stm32-for-vscode/@xpack-dev-tools/arm-none-eabi-gcc/12.2.1-1.2.1/.content/bin/../lib/gcc/arm-none-eabi/12.2.1/../../../../arm-none-eabi/lib/thumb/v6-m/nofp\libc_nano.a(libc_a-init.o)
 .ARM.attributes
                0x00000000000002d4       0x1e c:/users/jarne/appdata/roaming/code/user/globalstorage/bmd.stm32-for-vscode/@xpack-dev-tools/arm-none-eabi-gcc/12.2.1-1.2.1/.content/bin/../lib/gcc/arm-none-eabi/12.2.1/thumb/v6-m/nofp\libgcc.a(_udivsi3.o)
 .ARM.attributes
                0x00000000000002f2       0x1e c:/users/jarne/appdata/roaming/code/user/globalstorage/bmd.stm32-for-vscode/@xpack-dev-tools/arm-none-eabi-gcc/12.2.1-1.2.1/.content/bin/../lib/gcc/arm-none-eabi/12.2.1/thumb/v6-m/nofp\libgcc.a(_divsi3.o)
 .ARM.attributes
                0x0000000000000310       0x1e c:/users/jarne/appdata/roaming/code/user/globalstorage/bmd.stm32-for-vscode/@xpack-dev-tools/arm-none-eabi-gcc/12.2.1-1.2.1/.content/bin/../lib/gcc/arm-none-eabi/12.2.1/thumb/v6-m/nofp\libgcc.a(_dvmd_tls.o)
 .ARM.attributes
                0x000000000000032e       0x1e c:/users/jarne/appdata/roaming/code/user/globalstorage/bmd.stm32-for-vscode/@xpack-dev-tools/arm-none-eabi-gcc/12.2.1-1.2.1/.content/bin/../lib/gcc/arm-none-eabi/12.2.1/thumb/v6-m/nofp\libgcc.a(_aeabi_uldivmod.o)
 .ARM.attributes
                0x000000000000034c       0x2c c:/users/jarne/appdata/roaming/code/user/globalstorage/bmd.stm32-for-vscode/@xpack-dev-tools/arm-none-eabi-gcc/12.2.1-1.2.1/.content/bin/../lib/gcc/arm-none-eabi/12.2.1/thumb/v6-m/nofp\libgcc.a(_muldi3.o)
 .ARM.attributes
                0x0000000000000378       0x2c c:/users/jarne/appdata/roaming/code/user/globalstorage/bmd.stm32-for-vscode/@xpack-dev-tools/arm-none-eabi-gcc/12.2.1-1.2.1/.content/bin/../lib/gcc/arm-none-eabi/12.2.1/thumb/v6-m/nofp\libgcc.a(_udivmoddi4.o)
 .ARM.attributes
                0x00000000000003a4       0x1e c:/users/jarne/appdata/roaming/code/user/globalstorage/bmd.stm32-for-vscode/@xpack-dev-tools/arm-none-eabi-gcc/12.2.1-1.2.1/.content/bin/../lib/gcc/arm-none-eabi/12.2.1/thumb/v6-m/nofp\libgcc.a(_clzdi2.o)
 .ARM.attributes
                0x00000000000003c2       0x1e c:/users/jarne/appdata/roaming/code/user/globalstorage/bmd.stm32-for-vscode/@xpack-dev-tools/arm-none-eabi-gcc/12.2.1-1.2.1/.content/bin/../lib/gcc/arm-none-eabi/12.2.1/thumb/v6-m/nofp\libgcc.a(_clzsi2.o)
 .ARM.attributes
                0x00000000000003e0       0x1e c:/users/jarne/appdata/roaming/code/user/globalstorage/bmd.stm32-for-vscode/@xpack-dev-tools/arm-none-eabi-gcc/12.2.1-1.2.1/.content/bin/../lib/gcc/arm-none-eabi/12.2.1/thumb/v6-m/nofp/crtn.o
OUTPUT(build/firmware.elf elf32-littlearm)
LOAD linker stubs
LOAD c:/users/jarne/appdata/roaming/code/user/globalstorage/bmd.stm32-for-vscode/@xpack-dev-tools/arm-none-eabi-gcc/12.2.1-1.2.1/.content/bin/../lib/gcc/arm-none-eabi/12.2.1/../../../../arm-none-eabi/lib/thumb/v6-m/nofp\libc.a
LOAD c:/users/jarne/appdata/roaming/code/user/globalstorage/bmd.stm32-for-vscode/@xpack-dev-tools/arm-none-eabi-gcc/12.2.1-1.2.1/.content/bin/../lib/gcc/arm-none-eabi/12.2.1/../../../../arm-none-eabi/lib/thumb/v6-m/nofp\libm.a
LOAD c:/users/jarne/appdata/roaming/code/user/globalstorage/bmd.stm32-for-vscode/@xpack-dev-tools/arm-none-eabi-gcc/12.2.1-1.2.1/.content/bin/../lib/gcc/arm-none-eabi/12.2.1/thumb/v6-m/nofp\libgcc.a

.comment        0x0000000000000000       0x39
 .comment       0x0000000000000000       0x39 c:/users/jarne/appdata/roaming/code/user/globalstorage/bmd.stm32-for-vscode/@xpack-dev-tools/arm-none-eabi-gcc/12.2.1-1.2.1/.content/bin/../lib/gcc/arm-none-eabi/12.2.1/thumb/v6-m/nofp/crtbegin.o
                                         0x3a (size before relaxing)
 .comment       0x0000000000000039       0x3a build/circular_buffer.o
 .comment       0x0000000000000039       0x3a build/main.o
 .comment       0x0000000000000039       0x3a build/modulator.o
 .comment       0x0000000000000039       0x3a build/stm32l0xx_hal_msp.o
 .comment       0x0000000000000039       0x3a build/stm32l0xx_it.o
 .comment       0x0000000000000039       0x3a build/system_stm32l0xx.o
 .comment       0x0000000000000039       0x3a build/stm32l0xx_hal.o
 .comment       0x0000000000000039       0x3a build/stm32l0xx_hal_cortex.o
 .comment       0x0000000000000039       0x3a build/stm32l0xx_hal_gpio.o
 .comment       0x0000000000000039       0x3a build/stm32l0xx_hal_rcc.o
 .comment       0x0000000000000039       0x3a build/stm32l0xx_hal_tim.o
 .comment       0x0000000000000039       0x3a build/stm32l0xx_hal_tim_ex.o
 .comment       0x0000000000000039       0x3a c:/users/jarne/appdata/roaming/code/user/globalstorage/bmd.stm32-for-vscode/@xpack-dev-tools/arm-none-eabi-gcc/12.2.1-1.2.1/.content/bin/../lib/gcc/arm-none-eabi/12.2.1/../../../../arm-none-eabi/lib/thumb/v6-m/nofp\libc_nano.a(libc_a-memset.o)
 .comment       0x0000000000000039       0x3a c:/users/jarne/appdata/roaming/code/user/globalstorage/bmd.stm32-for-vscode/@xpack-dev-tools/arm-none-eabi-gcc/12.2.1-1.2.1/.content/bin/../lib/gcc/arm-none-eabi/12.2.1/../../../../arm-none-eabi/lib/thumb/v6-m/nofp\libc_nano.a(libc_a-init.o)
 .comment       0x0000000000000039       0x3a c:/users/jarne/appdata/roaming/code/user/globalstorage/bmd.stm32-for-vscode/@xpack-dev-tools/arm-none-eabi-gcc/12.2.1-1.2.1/.content/bin/../lib/gcc/arm-none-eabi/12.2.1/thumb/v6-m/nofp\libgcc.a(_muldi3.o)
 .comment       0x0000000000000039       0x3a c:/users/jarne/appdata/roaming/code/user/globalstorage/bmd.stm32-for-vscode/@xpack-dev-tools/arm-none-eabi-gcc/12.2.1-1.2.1/.content/bin/../lib/gcc/arm-none-eabi/12.2.1/thumb/v6-m/nofp\libgcc.a(_udivmoddi4.o)

.debug_info     0x0000000000000000     0x96cb
 .debug_info    0x0000000000000000      0x1cf build/circular_buffer.o
 .debug_info    0x00000000000001cf     0x1329 build/main.o
 .debug_info    0x00000000000014f8      0x263 build/modulator.o
 .debug_info    0x000000000000175b      0xa93 build/stm32l0xx_hal_msp.o
 .debug_info    0x00000000000021ee      0x685 build/stm32l0xx_it.o
 .debug_info    0x0000000000002873      0x309 build/system_stm32l0xx.o
 .debug_info    0x0000000000002b7c      0x8b4 build/stm32l0xx_hal.o
 .debug_info    0x0000000000003430      0x788 build/stm32l0xx_hal_cortex.o
 .debug_info    0x0000000000003bb8      0x65e build/stm32l0xx_hal_gpio.o
 .debug_info    0x0000000000004216      0xbee build/stm32l0xx_hal_rcc.o
 .debug_info    0x0000000000004e04     0x38d5 build/stm32l0xx_hal_tim.o
 .debug_info    0x00000000000086d9      0x6c0 build/stm32l0xx_hal_tim_ex.o
 .debug_info    0x0000000000008d99       0x2e build/startup_stm32l011xx.o
 .debug_info    0x0000000000008dc7       0x3b c:/users/jarne/appdata/roaming/code/user/globalstorage/bmd.stm32-for-vscode/@xpack-dev-tools/arm-none-eabi-gcc/12.2.1-1.2.1/.content/bin/../lib/gcc/arm-none-eabi/12.2.1/thumb/v6-m/nofp\libgcc.a(_udivsi3.o)
 .debug_info    0x0000000000008e02       0x3b c:/users/jarne/appdata/roaming/code/user/globalstorage/bmd.stm32-for-vscode/@xpack-dev-tools/arm-none-eabi-gcc/12.2.1-1.2.1/.content/bin/../lib/gcc/arm-none-eabi/12.2.1/thumb/v6-m/nofp\libgcc.a(_divsi3.o)
 .debug_info    0x0000000000008e3d       0x39 c:/users/jarne/appdata/roaming/code/user/globalstorage/bmd.stm32-for-vscode/@xpack-dev-tools/arm-none-eabi-gcc/12.2.1-1.2.1/.content/bin/../lib/gcc/arm-none-eabi/12.2.1/thumb/v6-m/nofp\libgcc.a(_dvmd_tls.o)
 .debug_info    0x0000000000008e76       0x2f c:/users/jarne/appdata/roaming/code/user/globalstorage/bmd.stm32-for-vscode/@xpack-dev-tools/arm-none-eabi-gcc/12.2.1-1.2.1/.content/bin/../lib/gcc/arm-none-eabi/12.2.1/thumb/v6-m/nofp\libgcc.a(_aeabi_uldivmod.o)
 .debug_info    0x0000000000008ea5      0x428 c:/users/jarne/appdata/roaming/code/user/globalstorage/bmd.stm32-for-vscode/@xpack-dev-tools/arm-none-eabi-gcc/12.2.1-1.2.1/.content/bin/../lib/gcc/arm-none-eabi/12.2.1/thumb/v6-m/nofp\libgcc.a(_muldi3.o)
 .debug_info    0x00000000000092cd      0x3ab c:/users/jarne/appdata/roaming/code/user/globalstorage/bmd.stm32-for-vscode/@xpack-dev-tools/arm-none-eabi-gcc/12.2.1-1.2.1/.content/bin/../lib/gcc/arm-none-eabi/12.2.1/thumb/v6-m/nofp\libgcc.a(_udivmoddi4.o)
 .debug_info    0x0000000000009678       0x24 c:/users/jarne/appdata/roaming/code/user/globalstorage/bmd.stm32-for-vscode/@xpack-dev-tools/arm-none-eabi-gcc/12.2.1-1.2.1/.content/bin/../lib/gcc/arm-none-eabi/12.2.1/thumb/v6-m/nofp\libgcc.a(_clzdi2.o)
 .debug_info    0x000000000000969c       0x2f c:/users/jarne/appdata/roaming/code/user/globalstorage/bmd.stm32-for-vscode/@xpack-dev-tools/arm-none-eabi-gcc/12.2.1-1.2.1/.content/bin/../lib/gcc/arm-none-eabi/12.2.1/thumb/v6-m/nofp\libgcc.a(_clzsi2.o)

.debug_abbrev   0x0000000000000000     0x1baf
 .debug_abbrev  0x0000000000000000      0x117 build/circular_buffer.o
 .debug_abbrev  0x0000000000000117      0x302 build/main.o
 .debug_abbrev  0x0000000000000419      0x127 build/modulator.o
 .debug_abbrev  0x0000000000000540      0x1f6 build/stm32l0xx_hal_msp.o
 .debug_abbrev  0x0000000000000736      0x1ad build/stm32l0xx_it.o
 .debug_abbrev  0x00000000000008e3      0x136 build/system_stm32l0xx.o
 .debug_abbrev  0x0000000000000a19      0x2a2 build/stm32l0xx_hal.o
 .debug_abbrev  0x0000000000000cbb      0x2d0 build/stm32l0xx_hal_cortex.o
 .debug_abbrev  0x0000000000000f8b      0x1e6 build/stm32l0xx_hal_gpio.o
 .debug_abbrev  0x0000000000001171      0x2cc build/stm32l0xx_hal_rcc.o
 .debug_abbrev  0x000000000000143d      0x263 build/stm32l0xx_hal_tim.o
 .debug_abbrev  0x00000000000016a0      0x1c9 build/stm32l0xx_hal_tim_ex.o
 .debug_abbrev  0x0000000000001869       0x1d build/startup_stm32l011xx.o
 .debug_abbrev  0x0000000000001886       0x21 c:/users/jarne/appdata/roaming/code/user/globalstorage/bmd.stm32-for-vscode/@xpack-dev-tools/arm-none-eabi-gcc/12.2.1-1.2.1/.content/bin/../lib/gcc/arm-none-eabi/12.2.1/thumb/v6-m/nofp\libgcc.a(_udivsi3.o)
 .debug_abbrev  0x00000000000018a7       0x21 c:/users/jarne/appdata/roaming/code/user/globalstorage/bmd.stm32-for-vscode/@xpack-dev-tools/arm-none-eabi-gcc/12.2.1-1.2.1/.content/bin/../lib/gcc/arm-none-eabi/12.2.1/thumb/v6-m/nofp\libgcc.a(_divsi3.o)
 .debug_abbrev  0x00000000000018c8       0x1f c:/users/jarne/appdata/roaming/code/user/globalstorage/bmd.stm32-for-vscode/@xpack-dev-tools/arm-none-eabi-gcc/12.2.1-1.2.1/.content/bin/../lib/gcc/arm-none-eabi/12.2.1/thumb/v6-m/nofp\libgcc.a(_dvmd_tls.o)
 .debug_abbrev  0x00000000000018e7       0x21 c:/users/jarne/appdata/roaming/code/user/globalstorage/bmd.stm32-for-vscode/@xpack-dev-tools/arm-none-eabi-gcc/12.2.1-1.2.1/.content/bin/../lib/gcc/arm-none-eabi/12.2.1/thumb/v6-m/nofp\libgcc.a(_aeabi_uldivmod.o)
 .debug_abbrev  0x0000000000001908      0x152 c:/users/jarne/appdata/roaming/code/user/globalstorage/bmd.stm32-for-vscode/@xpack-dev-tools/arm-none-eabi-gcc/12.2.1-1.2.1/.content/bin/../lib/gcc/arm-none-eabi/12.2.1/thumb/v6-m/nofp\libgcc.a(_muldi3.o)
 .debug_abbrev  0x0000000000001a5a      0x120 c:/users/jarne/appdata/roaming/code/user/globalstorage/bmd.stm32-for-vscode/@xpack-dev-tools/arm-none-eabi-gcc/12.2.1-1.2.1/.content/bin/../lib/gcc/arm-none-eabi/12.2.1/thumb/v6-m/nofp\libgcc.a(_udivmoddi4.o)
 .debug_abbrev  0x0000000000001b7a       0x14 c:/users/jarne/appdata/roaming/code/user/globalstorage/bmd.stm32-for-vscode/@xpack-dev-tools/arm-none-eabi-gcc/12.2.1-1.2.1/.content/bin/../lib/gcc/arm-none-eabi/12.2.1/thumb/v6-m/nofp\libgcc.a(_clzdi2.o)
 .debug_abbrev  0x0000000000001b8e       0x21 c:/users/jarne/appdata/roaming/code/user/globalstorage/bmd.stm32-for-vscode/@xpack-dev-tools/arm-none-eabi-gcc/12.2.1-1.2.1/.content/bin/../lib/gcc/arm-none-eabi/12.2.1/thumb/v6-m/nofp\libgcc.a(_clzsi2.o)

.debug_loclists
                0x0000000000000000     0x4260
 .debug_loclists
                0x0000000000000000       0x9f build/circular_buffer.o
 .debug_loclists
                0x000000000000009f       0x4a build/main.o
 .debug_loclists
                0x00000000000000e9       0x48 build/modulator.o
 .debug_loclists
                0x0000000000000131       0xa3 build/stm32l0xx_hal_msp.o
 .debug_loclists
                0x00000000000001d4      0x157 build/system_stm32l0xx.o
 .debug_loclists
                0x000000000000032b       0xe6 build/stm32l0xx_hal.o
 .debug_loclists
                0x0000000000000411      0x1ae build/stm32l0xx_hal_cortex.o
 .debug_loclists
                0x00000000000005bf      0x27f build/stm32l0xx_hal_gpio.o
 .debug_loclists
                0x000000000000083e      0x47c build/stm32l0xx_hal_rcc.o
 .debug_loclists
                0x0000000000000cba     0x3101 build/stm32l0xx_hal_tim.o
 .debug_loclists
                0x0000000000003dbb       0x84 build/stm32l0xx_hal_tim_ex.o
 .debug_loclists
                0x0000000000003e3f      0x169 c:/users/jarne/appdata/roaming/code/user/globalstorage/bmd.stm32-for-vscode/@xpack-dev-tools/arm-none-eabi-gcc/12.2.1-1.2.1/.content/bin/../lib/gcc/arm-none-eabi/12.2.1/thumb/v6-m/nofp\libgcc.a(_muldi3.o)
 .debug_loclists
                0x0000000000003fa8      0x2b8 c:/users/jarne/appdata/roaming/code/user/globalstorage/bmd.stm32-for-vscode/@xpack-dev-tools/arm-none-eabi-gcc/12.2.1-1.2.1/.content/bin/../lib/gcc/arm-none-eabi/12.2.1/thumb/v6-m/nofp\libgcc.a(_udivmoddi4.o)

.debug_aranges  0x0000000000000000      0x8f0
 .debug_aranges
                0x0000000000000000       0x38 build/circular_buffer.o
 .debug_aranges
                0x0000000000000038       0x50 build/main.o
 .debug_aranges
                0x0000000000000088       0x30 build/modulator.o
 .debug_aranges
                0x00000000000000b8       0x38 build/stm32l0xx_hal_msp.o
 .debug_aranges
                0x00000000000000f0       0x50 build/stm32l0xx_it.o
 .debug_aranges
                0x0000000000000140       0x28 build/system_stm32l0xx.o
 .debug_aranges
                0x0000000000000168      0x110 build/stm32l0xx_hal.o
 .debug_aranges
                0x0000000000000278       0x98 build/stm32l0xx_hal_cortex.o
 .debug_aranges
                0x0000000000000310       0x58 build/stm32l0xx_hal_gpio.o
 .debug_aranges
                0x0000000000000368       0x68 build/stm32l0xx_hal_rcc.o
 .debug_aranges
                0x00000000000003d0      0x3d0 build/stm32l0xx_hal_tim.o
 .debug_aranges
                0x00000000000007a0       0x28 build/stm32l0xx_hal_tim_ex.o
 .debug_aranges
                0x00000000000007c8       0x28 build/startup_stm32l011xx.o
 .debug_aranges
                0x00000000000007f0       0x20 c:/users/jarne/appdata/roaming/code/user/globalstorage/bmd.stm32-for-vscode/@xpack-dev-tools/arm-none-eabi-gcc/12.2.1-1.2.1/.content/bin/../lib/gcc/arm-none-eabi/12.2.1/thumb/v6-m/nofp\libgcc.a(_udivsi3.o)
 .debug_aranges
                0x0000000000000810       0x20 c:/users/jarne/appdata/roaming/code/user/globalstorage/bmd.stm32-for-vscode/@xpack-dev-tools/arm-none-eabi-gcc/12.2.1-1.2.1/.content/bin/../lib/gcc/arm-none-eabi/12.2.1/thumb/v6-m/nofp\libgcc.a(_divsi3.o)
 .debug_aranges
                0x0000000000000830       0x20 c:/users/jarne/appdata/roaming/code/user/globalstorage/bmd.stm32-for-vscode/@xpack-dev-tools/arm-none-eabi-gcc/12.2.1-1.2.1/.content/bin/../lib/gcc/arm-none-eabi/12.2.1/thumb/v6-m/nofp\libgcc.a(_dvmd_tls.o)
 .debug_aranges
                0x0000000000000850       0x20 c:/users/jarne/appdata/roaming/code/user/globalstorage/bmd.stm32-for-vscode/@xpack-dev-tools/arm-none-eabi-gcc/12.2.1-1.2.1/.content/bin/../lib/gcc/arm-none-eabi/12.2.1/thumb/v6-m/nofp\libgcc.a(_aeabi_uldivmod.o)
 .debug_aranges
                0x0000000000000870       0x20 c:/users/jarne/appdata/roaming/code/user/globalstorage/bmd.stm32-for-vscode/@xpack-dev-tools/arm-none-eabi-gcc/12.2.1-1.2.1/.content/bin/../lib/gcc/arm-none-eabi/12.2.1/thumb/v6-m/nofp\libgcc.a(_muldi3.o)
 .debug_aranges
                0x0000000000000890       0x20 c:/users/jarne/appdata/roaming/code/user/globalstorage/bmd.stm32-for-vscode/@xpack-dev-tools/arm-none-eabi-gcc/12.2.1-1.2.1/.content/bin/../lib/gcc/arm-none-eabi/12.2.1/thumb/v6-m/nofp\libgcc.a(_udivmoddi4.o)
 .debug_aranges
                0x00000000000008b0       0x20 c:/users/jarne/appdata/roaming/code/user/globalstorage/bmd.stm32-for-vscode/@xpack-dev-tools/arm-none-eabi-gcc/12.2.1-1.2.1/.content/bin/../lib/gcc/arm-none-eabi/12.2.1/thumb/v6-m/nofp\libgcc.a(_clzdi2.o)
 .debug_aranges
                0x00000000000008d0       0x20 c:/users/jarne/appdata/roaming/code/user/globalstorage/bmd.stm32-for-vscode/@xpack-dev-tools/arm-none-eabi-gcc/12.2.1-1.2.1/.content/bin/../lib/gcc/arm-none-eabi/12.2.1/thumb/v6-m/nofp\libgcc.a(_clzsi2.o)

.debug_rnglists
                0x0000000000000000      0x649
 .debug_rnglists
                0x0000000000000000       0x25 build/circular_buffer.o
 .debug_rnglists
                0x0000000000000025       0x39 build/main.o
 .debug_rnglists
                0x000000000000005e       0x1f build/modulator.o
 .debug_rnglists
                0x000000000000007d       0x25 build/stm32l0xx_hal_msp.o
 .debug_rnglists
                0x00000000000000a2       0x37 build/stm32l0xx_it.o
 .debug_rnglists
                0x00000000000000d9       0x1a build/system_stm32l0xx.o
 .debug_rnglists
                0x00000000000000f3       0xc7 build/stm32l0xx_hal.o
 .debug_rnglists
                0x00000000000001ba       0x79 build/stm32l0xx_hal_cortex.o
 .debug_rnglists
                0x0000000000000233       0x3f build/stm32l0xx_hal_gpio.o
 .debug_rnglists
                0x0000000000000272       0x6b build/stm32l0xx_hal_rcc.o
 .debug_rnglists
                0x00000000000002dd      0x2f7 build/stm32l0xx_hal_tim.o
 .debug_rnglists
                0x00000000000005d4       0x19 build/stm32l0xx_hal_tim_ex.o
 .debug_rnglists
                0x00000000000005ed       0x1a build/startup_stm32l011xx.o
 .debug_rnglists
                0x0000000000000607       0x2e c:/users/jarne/appdata/roaming/code/user/globalstorage/bmd.stm32-for-vscode/@xpack-dev-tools/arm-none-eabi-gcc/12.2.1-1.2.1/.content/bin/../lib/gcc/arm-none-eabi/12.2.1/thumb/v6-m/nofp\libgcc.a(_muldi3.o)
 .debug_rnglists
                0x0000000000000635       0x14 c:/users/jarne/appdata/roaming/code/user/globalstorage/bmd.stm32-for-vscode/@xpack-dev-tools/arm-none-eabi-gcc/12.2.1-1.2.1/.content/bin/../lib/gcc/arm-none-eabi/12.2.1/thumb/v6-m/nofp\libgcc.a(_udivmoddi4.o)

.debug_line     0x0000000000000000     0x816d
 .debug_line    0x0000000000000000      0x284 build/circular_buffer.o
 .debug_line    0x0000000000000284      0x68f build/main.o
 .debug_line    0x0000000000000913      0x232 build/modulator.o
 .debug_line    0x0000000000000b45      0x379 build/stm32l0xx_hal_msp.o
 .debug_line    0x0000000000000ebe      0x30a build/stm32l0xx_it.o
 .debug_line    0x00000000000011c8      0x2fe build/system_stm32l0xx.o
 .debug_line    0x00000000000014c6      0x6ae build/stm32l0xx_hal.o
 .debug_line    0x0000000000001b74      0x5ce build/stm32l0xx_hal_cortex.o
 .debug_line    0x0000000000002142      0x724 build/stm32l0xx_hal_gpio.o
 .debug_line    0x0000000000002866      0xdb8 build/stm32l0xx_hal_rcc.o
 .debug_line    0x000000000000361e     0x41b1 build/stm32l0xx_hal_tim.o
 .debug_line    0x00000000000077cf      0x398 build/stm32l0xx_hal_tim_ex.o
 .debug_line    0x0000000000007b67       0x89 build/startup_stm32l011xx.o
 .debug_line    0x0000000000007bf0       0x56 c:/users/jarne/appdata/roaming/code/user/globalstorage/bmd.stm32-for-vscode/@xpack-dev-tools/arm-none-eabi-gcc/12.2.1-1.2.1/.content/bin/../lib/gcc/arm-none-eabi/12.2.1/thumb/v6-m/nofp\libgcc.a(_udivsi3.o)
 .debug_line    0x0000000000007c46       0x5d c:/users/jarne/appdata/roaming/code/user/globalstorage/bmd.stm32-for-vscode/@xpack-dev-tools/arm-none-eabi-gcc/12.2.1-1.2.1/.content/bin/../lib/gcc/arm-none-eabi/12.2.1/thumb/v6-m/nofp\libgcc.a(_divsi3.o)
 .debug_line    0x0000000000007ca3       0x4a c:/users/jarne/appdata/roaming/code/user/globalstorage/bmd.stm32-for-vscode/@xpack-dev-tools/arm-none-eabi-gcc/12.2.1-1.2.1/.content/bin/../lib/gcc/arm-none-eabi/12.2.1/thumb/v6-m/nofp\libgcc.a(_dvmd_tls.o)
 .debug_line    0x0000000000007ced       0x55 c:/users/jarne/appdata/roaming/code/user/globalstorage/bmd.stm32-for-vscode/@xpack-dev-tools/arm-none-eabi-gcc/12.2.1-1.2.1/.content/bin/../lib/gcc/arm-none-eabi/12.2.1/thumb/v6-m/nofp\libgcc.a(_aeabi_uldivmod.o)
 .debug_line    0x0000000000007d42      0x182 c:/users/jarne/appdata/roaming/code/user/globalstorage/bmd.stm32-for-vscode/@xpack-dev-tools/arm-none-eabi-gcc/12.2.1-1.2.1/.content/bin/../lib/gcc/arm-none-eabi/12.2.1/thumb/v6-m/nofp\libgcc.a(_muldi3.o)
 .debug_line    0x0000000000007ec4      0x1f7 c:/users/jarne/appdata/roaming/code/user/globalstorage/bmd.stm32-for-vscode/@xpack-dev-tools/arm-none-eabi-gcc/12.2.1-1.2.1/.content/bin/../lib/gcc/arm-none-eabi/12.2.1/thumb/v6-m/nofp\libgcc.a(_udivmoddi4.o)
 .debug_line    0x00000000000080bb       0x54 c:/users/jarne/appdata/roaming/code/user/globalstorage/bmd.stm32-for-vscode/@xpack-dev-tools/arm-none-eabi-gcc/12.2.1-1.2.1/.content/bin/../lib/gcc/arm-none-eabi/12.2.1/thumb/v6-m/nofp\libgcc.a(_clzdi2.o)
 .debug_line    0x000000000000810f       0x5e c:/users/jarne/appdata/roaming/code/user/globalstorage/bmd.stm32-for-vscode/@xpack-dev-tools/arm-none-eabi-gcc/12.2.1-1.2.1/.content/bin/../lib/gcc/arm-none-eabi/12.2.1/thumb/v6-m/nofp\libgcc.a(_clzsi2.o)

.debug_str      0x0000000000000000     0x2e55
 .debug_str     0x0000000000000000      0x19c build/circular_buffer.o
                                        0x1df (size before relaxing)
 .debug_str     0x000000000000019c      0xa27 build/main.o
                                        0xc13 (size before relaxing)
 .debug_str     0x0000000000000bc3       0x37 build/modulator.o
                                        0x244 (size before relaxing)
 .debug_str     0x0000000000000bfa      0x1dc build/stm32l0xx_hal_msp.o
                                        0x959 (size before relaxing)
 .debug_str     0x0000000000000dd6       0xa1 build/stm32l0xx_it.o
                                        0x6d3 (size before relaxing)
 .debug_str     0x0000000000000e77       0xa4 build/system_stm32l0xx.o
                                        0x2c6 (size before relaxing)
 .debug_str     0x0000000000000f1b      0x404 build/stm32l0xx_hal.o
                                        0x7fd (size before relaxing)
 .debug_str     0x000000000000131f      0x266 build/stm32l0xx_hal_cortex.o
                                        0x5a2 (size before relaxing)
 .debug_str     0x0000000000001585       0xf9 build/stm32l0xx_hal_gpio.o
                                        0x446 (size before relaxing)
 .debug_str     0x000000000000167e      0x1a0 build/stm32l0xx_hal_rcc.o
                                        0x6a9 (size before relaxing)
 .debug_str     0x000000000000181e      0xd45 build/stm32l0xx_hal_tim.o
                                       0x1580 (size before relaxing)
 .debug_str     0x0000000000002563       0x54 build/stm32l0xx_hal_tim_ex.o
                                        0x735 (size before relaxing)
 .debug_str     0x00000000000025b7       0x32 build/startup_stm32l011xx.o
                                         0x78 (size before relaxing)
 .debug_str     0x00000000000025e9      0x12d c:/users/jarne/appdata/roaming/code/user/globalstorage/bmd.stm32-for-vscode/@xpack-dev-tools/arm-none-eabi-gcc/12.2.1-1.2.1/.content/bin/../lib/gcc/arm-none-eabi/12.2.1/thumb/v6-m/nofp\libgcc.a(_udivsi3.o)
                                        0x13b (size before relaxing)
 .debug_str     0x0000000000002716        0x9 c:/users/jarne/appdata/roaming/code/user/globalstorage/bmd.stm32-for-vscode/@xpack-dev-tools/arm-none-eabi-gcc/12.2.1-1.2.1/.content/bin/../lib/gcc/arm-none-eabi/12.2.1/thumb/v6-m/nofp\libgcc.a(_divsi3.o)
                                        0x139 (size before relaxing)
 .debug_str     0x000000000000271f       0x1c c:/users/jarne/appdata/roaming/code/user/globalstorage/bmd.stm32-for-vscode/@xpack-dev-tools/arm-none-eabi-gcc/12.2.1-1.2.1/.content/bin/../lib/gcc/arm-none-eabi/12.2.1/thumb/v6-m/nofp\libgcc.a(_dvmd_tls.o)
                                        0x13c (size before relaxing)
 .debug_str     0x000000000000273b       0x6f c:/users/jarne/appdata/roaming/code/user/globalstorage/bmd.stm32-for-vscode/@xpack-dev-tools/arm-none-eabi-gcc/12.2.1-1.2.1/.content/bin/../lib/gcc/arm-none-eabi/12.2.1/thumb/v6-m/nofp\libgcc.a(_aeabi_uldivmod.o)
                                        0x131 (size before relaxing)
 .debug_str     0x00000000000027aa      0x5bc c:/users/jarne/appdata/roaming/code/user/globalstorage/bmd.stm32-for-vscode/@xpack-dev-tools/arm-none-eabi-gcc/12.2.1-1.2.1/.content/bin/../lib/gcc/arm-none-eabi/12.2.1/thumb/v6-m/nofp\libgcc.a(_muldi3.o)
                                        0x70f (size before relaxing)
 .debug_str     0x0000000000002d66       0xe6 c:/users/jarne/appdata/roaming/code/user/globalstorage/bmd.stm32-for-vscode/@xpack-dev-tools/arm-none-eabi-gcc/12.2.1-1.2.1/.content/bin/../lib/gcc/arm-none-eabi/12.2.1/thumb/v6-m/nofp\libgcc.a(_udivmoddi4.o)
                                        0x6e5 (size before relaxing)
 .debug_str     0x0000000000002e4c      0x120 c:/users/jarne/appdata/roaming/code/user/globalstorage/bmd.stm32-for-vscode/@xpack-dev-tools/arm-none-eabi-gcc/12.2.1-1.2.1/.content/bin/../lib/gcc/arm-none-eabi/12.2.1/thumb/v6-m/nofp\libgcc.a(_clzdi2.o)
 .debug_str     0x0000000000002e4c        0x9 c:/users/jarne/appdata/roaming/code/user/globalstorage/bmd.stm32-for-vscode/@xpack-dev-tools/arm-none-eabi-gcc/12.2.1-1.2.1/.content/bin/../lib/gcc/arm-none-eabi/12.2.1/thumb/v6-m/nofp\libgcc.a(_clzsi2.o)
                                        0x129 (size before relaxing)

.debug_frame    0x0000000000000000     0x139c
 .debug_frame   0x0000000000000000       0x64 build/circular_buffer.o
 .debug_frame   0x0000000000000064       0xb8 build/main.o
 .debug_frame   0x000000000000011c       0x58 build/modulator.o
 .debug_frame   0x0000000000000174       0x6c build/stm32l0xx_hal_msp.o
 .debug_frame   0x00000000000001e0       0x98 build/stm32l0xx_it.o
 .debug_frame   0x0000000000000278       0x38 build/system_stm32l0xx.o
 .debug_frame   0x00000000000002b0      0x22c build/stm32l0xx_hal.o
 .debug_frame   0x00000000000004dc      0x144 build/stm32l0xx_hal_cortex.o
 .debug_frame   0x0000000000000620       0xc0 build/stm32l0xx_hal_gpio.o
 .debug_frame   0x00000000000006e0      0x108 build/stm32l0xx_hal_rcc.o
 .debug_frame   0x00000000000007e8      0xac8 build/stm32l0xx_hal_tim.o
 .debug_frame   0x00000000000012b0       0x3c build/stm32l0xx_hal_tim_ex.o
 .debug_frame   0x00000000000012ec       0x20 c:/users/jarne/appdata/roaming/code/user/globalstorage/bmd.stm32-for-vscode/@xpack-dev-tools/arm-none-eabi-gcc/12.2.1-1.2.1/.content/bin/../lib/gcc/arm-none-eabi/12.2.1/thumb/v6-m/nofp\libgcc.a(_udivsi3.o)
 .debug_frame   0x000000000000130c       0x20 c:/users/jarne/appdata/roaming/code/user/globalstorage/bmd.stm32-for-vscode/@xpack-dev-tools/arm-none-eabi-gcc/12.2.1-1.2.1/.content/bin/../lib/gcc/arm-none-eabi/12.2.1/thumb/v6-m/nofp\libgcc.a(_divsi3.o)
 .debug_frame   0x000000000000132c       0x34 c:/users/jarne/appdata/roaming/code/user/globalstorage/bmd.stm32-for-vscode/@xpack-dev-tools/arm-none-eabi-gcc/12.2.1-1.2.1/.content/bin/../lib/gcc/arm-none-eabi/12.2.1/thumb/v6-m/nofp\libgcc.a(_muldi3.o)
 .debug_frame   0x0000000000001360       0x3c c:/users/jarne/appdata/roaming/code/user/globalstorage/bmd.stm32-for-vscode/@xpack-dev-tools/arm-none-eabi-gcc/12.2.1-1.2.1/.content/bin/../lib/gcc/arm-none-eabi/12.2.1/thumb/v6-m/nofp\libgcc.a(_udivmoddi4.o)

.debug_line_str
                0x0000000000000000      0x17a
 .debug_line_str
                0x0000000000000000       0x5c build/startup_stm32l011xx.o
 .debug_line_str
                0x000000000000005c      0x112 c:/users/jarne/appdata/roaming/code/user/globalstorage/bmd.stm32-for-vscode/@xpack-dev-tools/arm-none-eabi-gcc/12.2.1-1.2.1/.content/bin/../lib/gcc/arm-none-eabi/12.2.1/thumb/v6-m/nofp\libgcc.a(_udivsi3.o)
 .debug_line_str
                0x000000000000016e      0x112 c:/users/jarne/appdata/roaming/code/user/globalstorage/bmd.stm32-for-vscode/@xpack-dev-tools/arm-none-eabi-gcc/12.2.1-1.2.1/.content/bin/../lib/gcc/arm-none-eabi/12.2.1/thumb/v6-m/nofp\libgcc.a(_divsi3.o)
 .debug_line_str
                0x000000000000016e      0x112 c:/users/jarne/appdata/roaming/code/user/globalstorage/bmd.stm32-for-vscode/@xpack-dev-tools/arm-none-eabi-gcc/12.2.1-1.2.1/.content/bin/../lib/gcc/arm-none-eabi/12.2.1/thumb/v6-m/nofp\libgcc.a(_dvmd_tls.o)
 .debug_line_str
                0x000000000000016e        0xc c:/users/jarne/appdata/roaming/code/user/globalstorage/bmd.stm32-for-vscode/@xpack-dev-tools/arm-none-eabi-gcc/12.2.1-1.2.1/.content/bin/../lib/gcc/arm-none-eabi/12.2.1/thumb/v6-m/nofp\libgcc.a(_aeabi_uldivmod.o)
                                        0x112 (size before relaxing)
 .debug_line_str
                0x000000000000017a      0x112 c:/users/jarne/appdata/roaming/code/user/globalstorage/bmd.stm32-for-vscode/@xpack-dev-tools/arm-none-eabi-gcc/12.2.1-1.2.1/.content/bin/../lib/gcc/arm-none-eabi/12.2.1/thumb/v6-m/nofp\libgcc.a(_clzdi2.o)
 .debug_line_str
                0x000000000000017a      0x112 c:/users/jarne/appdata/roaming/code/user/globalstorage/bmd.stm32-for-vscode/@xpack-dev-tools/arm-none-eabi-gcc/12.2.1-1.2.1/.content/bin/../lib/gcc/arm-none-eabi/12.2.1/thumb/v6-m/nofp\libgcc.a(_clzsi2.o)

Cross Reference Table

Symbol                                            File
ADC1_COMP_IRQHandler                              build/startup_stm32l011xx.o
AHBPrescTable                                     build/system_stm32l0xx.o
                                                  build/stm32l0xx_hal_rcc.o
APBPrescTable                                     build/system_stm32l0xx.o
                                                  build/stm32l0xx_hal_rcc.o
DMA1_Channel1_IRQHandler                          build/startup_stm32l011xx.o
DMA1_Channel2_3_IRQHandler                        build/startup_stm32l011xx.o
DMA1_Channel4_5_IRQHandler                        build/startup_stm32l011xx.o
Default_Handler                                   build/startup_stm32l011xx.o
EXTI0_1_IRQHandler                                build/startup_stm32l011xx.o
EXTI2_3_IRQHandler                                build/startup_stm32l011xx.o
EXTI4_15_IRQHandler                               build/startup_stm32l011xx.o
Error_Handler                                     build/main.o
FLASH_IRQHandler                                  build/startup_stm32l011xx.o
FLASH_PageErase                                   build/stm32l0xx_hal_flash_ex.o
                                                  build/stm32l0xx_hal_flash.o
FLASH_WaitForLastOperation                        build/stm32l0xx_hal_flash.o
                                                  build/stm32l0xx_hal_flash_ex.o
HAL_DBGMCU_DBG_DisableLowPowerConfig              build/stm32l0xx_hal.o
HAL_DBGMCU_DBG_EnableLowPowerConfig               build/stm32l0xx_hal.o
HAL_DBGMCU_DisableDBGSleepMode                    build/stm32l0xx_hal.o
HAL_DBGMCU_DisableDBGStandbyMode                  build/stm32l0xx_hal.o
HAL_DBGMCU_DisableDBGStopMode                     build/stm32l0xx_hal.o
HAL_DBGMCU_EnableDBGSleepMode                     build/stm32l0xx_hal.o
HAL_DBGMCU_EnableDBGStandbyMode                   build/stm32l0xx_hal.o
HAL_DBGMCU_EnableDBGStopMode                      build/stm32l0xx_hal.o
HAL_DMA_Abort                                     build/stm32l0xx_hal_dma.o
HAL_DMA_Abort_IT                                  build/stm32l0xx_hal_dma.o
                                                  build/stm32l0xx_hal_tim.o
                                                  build/stm32l0xx_hal_i2c.o
HAL_DMA_DeInit                                    build/stm32l0xx_hal_dma.o
HAL_DMA_GetError                                  build/stm32l0xx_hal_dma.o
HAL_DMA_GetState                                  build/stm32l0xx_hal_dma.o
                                                  build/stm32l0xx_hal_i2c.o
HAL_DMA_IRQHandler                                build/stm32l0xx_hal_dma.o
HAL_DMA_Init                                      build/stm32l0xx_hal_dma.o
HAL_DMA_PollForTransfer                           build/stm32l0xx_hal_dma.o
HAL_DMA_RegisterCallback                          build/stm32l0xx_hal_dma.o
HAL_DMA_Start                                     build/stm32l0xx_hal_dma.o
HAL_DMA_Start_IT                                  build/stm32l0xx_hal_dma.o
                                                  build/stm32l0xx_hal_tim.o
                                                  build/stm32l0xx_hal_i2c.o
HAL_DMA_UnRegisterCallback                        build/stm32l0xx_hal_dma.o
HAL_DeInit                                        build/stm32l0xx_hal.o
HAL_Delay                                         build/stm32l0xx_hal.o
                                                  build/main.o
HAL_EXTI_ClearConfigLine                          build/stm32l0xx_hal_exti.o
HAL_EXTI_ClearPending                             build/stm32l0xx_hal_exti.o
HAL_EXTI_GenerateSWI                              build/stm32l0xx_hal_exti.o
HAL_EXTI_GetConfigLine                            build/stm32l0xx_hal_exti.o
HAL_EXTI_GetHandle                                build/stm32l0xx_hal_exti.o
HAL_EXTI_GetPending                               build/stm32l0xx_hal_exti.o
HAL_EXTI_IRQHandler                               build/stm32l0xx_hal_exti.o
HAL_EXTI_RegisterCallback                         build/stm32l0xx_hal_exti.o
HAL_EXTI_SetConfigLine                            build/stm32l0xx_hal_exti.o
HAL_FLASHEx_AdvOBGetConfig                        build/stm32l0xx_hal_flash_ex.o
HAL_FLASHEx_AdvOBProgram                          build/stm32l0xx_hal_flash_ex.o
HAL_FLASHEx_DATAEEPROM_DisableFixedTimeProgram    build/stm32l0xx_hal_flash_ex.o
HAL_FLASHEx_DATAEEPROM_EnableFixedTimeProgram     build/stm32l0xx_hal_flash_ex.o
HAL_FLASHEx_DATAEEPROM_Erase                      build/stm32l0xx_hal_flash_ex.o
HAL_FLASHEx_DATAEEPROM_Lock                       build/stm32l0xx_hal_flash_ex.o
HAL_FLASHEx_DATAEEPROM_Program                    build/stm32l0xx_hal_flash_ex.o
HAL_FLASHEx_DATAEEPROM_Unlock                     build/stm32l0xx_hal_flash_ex.o
HAL_FLASHEx_DisableRunPowerDown                   build/stm32l0xx_hal_flash_ramfunc.o
HAL_FLASHEx_EnableRunPowerDown                    build/stm32l0xx_hal_flash_ramfunc.o
HAL_FLASHEx_Erase                                 build/stm32l0xx_hal_flash_ex.o
HAL_FLASHEx_Erase_IT                              build/stm32l0xx_hal_flash_ex.o
HAL_FLASHEx_GetError                              build/stm32l0xx_hal_flash_ramfunc.o
HAL_FLASHEx_HalfPageProgram                       build/stm32l0xx_hal_flash_ramfunc.o
HAL_FLASHEx_OBGetConfig                           build/stm32l0xx_hal_flash_ex.o
HAL_FLASHEx_OBProgram                             build/stm32l0xx_hal_flash_ex.o
HAL_FLASHEx_OB_DeSelectPCROP                      build/stm32l0xx_hal_flash_ex.o
HAL_FLASHEx_OB_SelectPCROP                        build/stm32l0xx_hal_flash_ex.o
HAL_FLASH_EndOfOperationCallback                  build/stm32l0xx_hal_flash.o
HAL_FLASH_GetError                                build/stm32l0xx_hal_flash.o
HAL_FLASH_IRQHandler                              build/stm32l0xx_hal_flash.o
HAL_FLASH_Lock                                    build/stm32l0xx_hal_flash.o
HAL_FLASH_OB_Launch                               build/stm32l0xx_hal_flash.o
HAL_FLASH_OB_Lock                                 build/stm32l0xx_hal_flash.o
HAL_FLASH_OB_Unlock                               build/stm32l0xx_hal_flash.o
HAL_FLASH_OperationErrorCallback                  build/stm32l0xx_hal_flash.o
HAL_FLASH_Program                                 build/stm32l0xx_hal_flash.o
HAL_FLASH_Program_IT                              build/stm32l0xx_hal_flash.o
HAL_FLASH_Unlock                                  build/stm32l0xx_hal_flash.o
HAL_GPIO_DeInit                                   build/stm32l0xx_hal_gpio.o
HAL_GPIO_EXTI_Callback                            build/stm32l0xx_hal_gpio.o
HAL_GPIO_EXTI_IRQHandler                          build/stm32l0xx_hal_gpio.o
HAL_GPIO_Init                                     build/stm32l0xx_hal_gpio.o
                                                  build/stm32l0xx_hal_rcc.o
                                                  build/stm32l0xx_hal_msp.o
                                                  build/main.o
HAL_GPIO_LockPin                                  build/stm32l0xx_hal_gpio.o
HAL_GPIO_ReadPin                                  build/stm32l0xx_hal_gpio.o
HAL_GPIO_TogglePin                                build/stm32l0xx_hal_gpio.o
HAL_GPIO_WritePin                                 build/stm32l0xx_hal_gpio.o
                                                  build/main.o
HAL_GetDEVID                                      build/stm32l0xx_hal.o
HAL_GetHalVersion                                 build/stm32l0xx_hal.o
HAL_GetREVID                                      build/stm32l0xx_hal.o
HAL_GetTick                                       build/stm32l0xx_hal.o
                                                  build/stm32l0xx_hal_rcc_ex.o
                                                  build/stm32l0xx_hal_rcc.o
                                                  build/stm32l0xx_hal_i2c.o
                                                  build/stm32l0xx_hal_flash.o
                                                  build/stm32l0xx_hal_dma.o
HAL_GetTickFreq                                   build/stm32l0xx_hal.o
HAL_GetTickPrio                                   build/stm32l0xx_hal.o
HAL_GetUIDw0                                      build/stm32l0xx_hal.o
HAL_GetUIDw1                                      build/stm32l0xx_hal.o
HAL_GetUIDw2                                      build/stm32l0xx_hal.o
HAL_I2CEx_ConfigAnalogFilter                      build/stm32l0xx_hal_i2c_ex.o
HAL_I2CEx_ConfigDigitalFilter                     build/stm32l0xx_hal_i2c_ex.o
HAL_I2CEx_DisableFastModePlus                     build/stm32l0xx_hal_i2c_ex.o
HAL_I2CEx_DisableWakeUp                           build/stm32l0xx_hal_i2c_ex.o
HAL_I2CEx_EnableFastModePlus                      build/stm32l0xx_hal_i2c_ex.o
HAL_I2CEx_EnableWakeUp                            build/stm32l0xx_hal_i2c_ex.o
HAL_I2C_AbortCpltCallback                         build/stm32l0xx_hal_i2c.o
HAL_I2C_AddrCallback                              build/stm32l0xx_hal_i2c.o
HAL_I2C_DeInit                                    build/stm32l0xx_hal_i2c.o
HAL_I2C_DisableListen_IT                          build/stm32l0xx_hal_i2c.o
HAL_I2C_ER_IRQHandler                             build/stm32l0xx_hal_i2c.o
HAL_I2C_EV_IRQHandler                             build/stm32l0xx_hal_i2c.o
HAL_I2C_EnableListen_IT                           build/stm32l0xx_hal_i2c.o
HAL_I2C_ErrorCallback                             build/stm32l0xx_hal_i2c.o
HAL_I2C_GetError                                  build/stm32l0xx_hal_i2c.o
HAL_I2C_GetMode                                   build/stm32l0xx_hal_i2c.o
HAL_I2C_GetState                                  build/stm32l0xx_hal_i2c.o
HAL_I2C_Init                                      build/stm32l0xx_hal_i2c.o
HAL_I2C_IsDeviceReady                             build/stm32l0xx_hal_i2c.o
HAL_I2C_ListenCpltCallback                        build/stm32l0xx_hal_i2c.o
HAL_I2C_MasterRxCpltCallback                      build/stm32l0xx_hal_i2c.o
HAL_I2C_MasterTxCpltCallback                      build/stm32l0xx_hal_i2c.o
HAL_I2C_Master_Abort_IT                           build/stm32l0xx_hal_i2c.o
HAL_I2C_Master_Receive                            build/stm32l0xx_hal_i2c.o
HAL_I2C_Master_Receive_DMA                        build/stm32l0xx_hal_i2c.o
HAL_I2C_Master_Receive_IT                         build/stm32l0xx_hal_i2c.o
HAL_I2C_Master_Seq_Receive_DMA                    build/stm32l0xx_hal_i2c.o
HAL_I2C_Master_Seq_Receive_IT                     build/stm32l0xx_hal_i2c.o
HAL_I2C_Master_Seq_Transmit_DMA                   build/stm32l0xx_hal_i2c.o
HAL_I2C_Master_Seq_Transmit_IT                    build/stm32l0xx_hal_i2c.o
HAL_I2C_Master_Transmit                           build/stm32l0xx_hal_i2c.o
HAL_I2C_Master_Transmit_DMA                       build/stm32l0xx_hal_i2c.o
HAL_I2C_Master_Transmit_IT                        build/stm32l0xx_hal_i2c.o
HAL_I2C_MemRxCpltCallback                         build/stm32l0xx_hal_i2c.o
HAL_I2C_MemTxCpltCallback                         build/stm32l0xx_hal_i2c.o
HAL_I2C_Mem_Read                                  build/stm32l0xx_hal_i2c.o
HAL_I2C_Mem_Read_DMA                              build/stm32l0xx_hal_i2c.o
HAL_I2C_Mem_Read_IT                               build/stm32l0xx_hal_i2c.o
HAL_I2C_Mem_Write                                 build/stm32l0xx_hal_i2c.o
HAL_I2C_Mem_Write_DMA                             build/stm32l0xx_hal_i2c.o
HAL_I2C_Mem_Write_IT                              build/stm32l0xx_hal_i2c.o
HAL_I2C_MspDeInit                                 build/stm32l0xx_hal_i2c.o
HAL_I2C_MspInit                                   build/stm32l0xx_hal_i2c.o
HAL_I2C_SlaveRxCpltCallback                       build/stm32l0xx_hal_i2c.o
HAL_I2C_SlaveTxCpltCallback                       build/stm32l0xx_hal_i2c.o
HAL_I2C_Slave_Receive                             build/stm32l0xx_hal_i2c.o
HAL_I2C_Slave_Receive_DMA                         build/stm32l0xx_hal_i2c.o
HAL_I2C_Slave_Receive_IT                          build/stm32l0xx_hal_i2c.o
HAL_I2C_Slave_Seq_Receive_DMA                     build/stm32l0xx_hal_i2c.o
HAL_I2C_Slave_Seq_Receive_IT                      build/stm32l0xx_hal_i2c.o
HAL_I2C_Slave_Seq_Transmit_DMA                    build/stm32l0xx_hal_i2c.o
HAL_I2C_Slave_Seq_Transmit_IT                     build/stm32l0xx_hal_i2c.o
HAL_I2C_Slave_Transmit                            build/stm32l0xx_hal_i2c.o
HAL_I2C_Slave_Transmit_DMA                        build/stm32l0xx_hal_i2c.o
HAL_I2C_Slave_Transmit_IT                         build/stm32l0xx_hal_i2c.o
HAL_IncTick                                       build/stm32l0xx_hal.o
                                                  build/stm32l0xx_it.o
HAL_Init                                          build/stm32l0xx_hal.o
                                                  build/main.o
HAL_InitTick                                      build/stm32l0xx_hal.o
                                                  build/stm32l0xx_hal_rcc.o
HAL_MspDeInit                                     build/stm32l0xx_hal.o
HAL_MspInit                                       build/stm32l0xx_hal_msp.o
HAL_NVIC_ClearPendingIRQ                          build/stm32l0xx_hal_cortex.o
HAL_NVIC_DisableIRQ                               build/stm32l0xx_hal_cortex.o
                                                  build/stm32l0xx_hal_msp.o
HAL_NVIC_EnableIRQ                                build/stm32l0xx_hal_cortex.o
                                                  build/stm32l0xx_hal_msp.o
HAL_NVIC_GetPendingIRQ                            build/stm32l0xx_hal_cortex.o
HAL_NVIC_GetPriority                              build/stm32l0xx_hal_cortex.o
HAL_NVIC_SetPendingIRQ                            build/stm32l0xx_hal_cortex.o
HAL_NVIC_SetPriority                              build/stm32l0xx_hal_cortex.o
                                                  build/stm32l0xx_hal.o
                                                  build/stm32l0xx_hal_msp.o
HAL_NVIC_SystemReset                              build/stm32l0xx_hal_cortex.o
HAL_PWREx_DisableFastWakeUp                       build/stm32l0xx_hal_pwr_ex.o
HAL_PWREx_DisableLowPowerRunMode                  build/stm32l0xx_hal_pwr_ex.o
HAL_PWREx_DisableUltraLowPower                    build/stm32l0xx_hal_pwr_ex.o
HAL_PWREx_EnableFastWakeUp                        build/stm32l0xx_hal_pwr_ex.o
HAL_PWREx_EnableLowPowerRunMode                   build/stm32l0xx_hal_pwr_ex.o
HAL_PWREx_EnableUltraLowPower                     build/stm32l0xx_hal_pwr_ex.o
HAL_PWREx_GetVoltageRange                         build/stm32l0xx_hal_pwr_ex.o
HAL_PWR_ConfigPVD                                 build/stm32l0xx_hal_pwr.o
HAL_PWR_DeInit                                    build/stm32l0xx_hal_pwr.o
HAL_PWR_DisableBkUpAccess                         build/stm32l0xx_hal_pwr.o
HAL_PWR_DisablePVD                                build/stm32l0xx_hal_pwr.o
HAL_PWR_DisableSEVOnPend                          build/stm32l0xx_hal_pwr.o
HAL_PWR_DisableSleepOnExit                        build/stm32l0xx_hal_pwr.o
HAL_PWR_DisableWakeUpPin                          build/stm32l0xx_hal_pwr.o
HAL_PWR_EnableBkUpAccess                          build/stm32l0xx_hal_pwr.o
HAL_PWR_EnablePVD                                 build/stm32l0xx_hal_pwr.o
HAL_PWR_EnableSEVOnPend                           build/stm32l0xx_hal_pwr.o
HAL_PWR_EnableSleepOnExit                         build/stm32l0xx_hal_pwr.o
HAL_PWR_EnableWakeUpPin                           build/stm32l0xx_hal_pwr.o
HAL_PWR_EnterSLEEPMode                            build/stm32l0xx_hal_pwr.o
HAL_PWR_EnterSTANDBYMode                          build/stm32l0xx_hal_pwr.o
HAL_PWR_EnterSTOPMode                             build/stm32l0xx_hal_pwr.o
HAL_PWR_PVDCallback                               build/stm32l0xx_hal_pwr.o
HAL_PWR_PVD_IRQHandler                            build/stm32l0xx_hal_pwr.o
HAL_RCCEx_DisableLSECSS                           build/stm32l0xx_hal_rcc_ex.o
HAL_RCCEx_EnableLSECSS                            build/stm32l0xx_hal_rcc_ex.o
HAL_RCCEx_EnableLSECSS_IT                         build/stm32l0xx_hal_rcc_ex.o
HAL_RCCEx_GetPeriphCLKConfig                      build/stm32l0xx_hal_rcc_ex.o
HAL_RCCEx_GetPeriphCLKFreq                        build/stm32l0xx_hal_rcc_ex.o
HAL_RCCEx_LSECSS_Callback                         build/stm32l0xx_hal_rcc_ex.o
HAL_RCCEx_LSECSS_IRQHandler                       build/stm32l0xx_hal_rcc_ex.o
HAL_RCCEx_PeriphCLKConfig                         build/stm32l0xx_hal_rcc_ex.o
HAL_RCC_ClockConfig                               build/stm32l0xx_hal_rcc.o
                                                  build/main.o
HAL_RCC_DeInit                                    build/stm32l0xx_hal_rcc.o
HAL_RCC_GetClockConfig                            build/stm32l0xx_hal_rcc.o
HAL_RCC_GetHCLKFreq                               build/stm32l0xx_hal_rcc.o
HAL_RCC_GetOscConfig                              build/stm32l0xx_hal_rcc.o
HAL_RCC_GetPCLK1Freq                              build/stm32l0xx_hal_rcc.o
                                                  build/stm32l0xx_hal_rcc_ex.o
HAL_RCC_GetPCLK2Freq                              build/stm32l0xx_hal_rcc.o
HAL_RCC_GetSysClockFreq                           build/stm32l0xx_hal_rcc.o
                                                  build/stm32l0xx_hal_rcc_ex.o
HAL_RCC_MCOConfig                                 build/stm32l0xx_hal_rcc.o
HAL_RCC_OscConfig                                 build/stm32l0xx_hal_rcc.o
                                                  build/main.o
HAL_ResumeTick                                    build/stm32l0xx_hal.o
HAL_SYSCFG_Disable_Lock_VREFINT                   build/stm32l0xx_hal.o
HAL_SYSCFG_Enable_Lock_VREFINT                    build/stm32l0xx_hal.o
HAL_SYSCFG_GetBootMode                            build/stm32l0xx_hal.o
HAL_SYSCFG_VREFINT_OutputSelect                   build/stm32l0xx_hal.o
HAL_SYSTICK_CLKSourceConfig                       build/stm32l0xx_hal_cortex.o
HAL_SYSTICK_Callback                              build/stm32l0xx_hal_cortex.o
HAL_SYSTICK_Config                                build/stm32l0xx_hal_cortex.o
                                                  build/stm32l0xx_hal.o
HAL_SYSTICK_IRQHandler                            build/stm32l0xx_hal_cortex.o
HAL_SetTickFreq                                   build/stm32l0xx_hal.o
HAL_SuspendTick                                   build/stm32l0xx_hal.o
HAL_TIMEx_MasterConfigSynchronization             build/stm32l0xx_hal_tim_ex.o
                                                  build/main.o
HAL_TIMEx_RemapConfig                             build/stm32l0xx_hal_tim_ex.o
HAL_TIM_Base_DeInit                               build/stm32l0xx_hal_tim.o
HAL_TIM_Base_GetState                             build/stm32l0xx_hal_tim.o
HAL_TIM_Base_Init                                 build/stm32l0xx_hal_tim.o
                                                  build/main.o
HAL_TIM_Base_MspDeInit                            build/stm32l0xx_hal_msp.o
HAL_TIM_Base_MspInit                              build/stm32l0xx_hal_msp.o
HAL_TIM_Base_Start                                build/stm32l0xx_hal_tim.o
HAL_TIM_Base_Start_DMA                            build/stm32l0xx_hal_tim.o
HAL_TIM_Base_Start_IT                             build/stm32l0xx_hal_tim.o
                                                  build/main.o
HAL_TIM_Base_Stop                                 build/stm32l0xx_hal_tim.o
HAL_TIM_Base_Stop_DMA                             build/stm32l0xx_hal_tim.o
HAL_TIM_Base_Stop_IT                              build/stm32l0xx_hal_tim.o
HAL_TIM_ConfigClockSource                         build/stm32l0xx_hal_tim.o
                                                  build/main.o
HAL_TIM_ConfigOCrefClear                          build/stm32l0xx_hal_tim.o
HAL_TIM_ConfigTI1Input                            build/stm32l0xx_hal_tim.o
HAL_TIM_DMABurstState                             build/stm32l0xx_hal_tim.o
HAL_TIM_DMABurst_MultiReadStart                   build/stm32l0xx_hal_tim.o
HAL_TIM_DMABurst_MultiWriteStart                  build/stm32l0xx_hal_tim.o
HAL_TIM_DMABurst_ReadStart                        build/stm32l0xx_hal_tim.o
HAL_TIM_DMABurst_ReadStop                         build/stm32l0xx_hal_tim.o
HAL_TIM_DMABurst_WriteStart                       build/stm32l0xx_hal_tim.o
HAL_TIM_DMABurst_WriteStop                        build/stm32l0xx_hal_tim.o
HAL_TIM_Encoder_DeInit                            build/stm32l0xx_hal_tim.o
HAL_TIM_Encoder_GetState                          build/stm32l0xx_hal_tim.o
HAL_TIM_Encoder_Init                              build/stm32l0xx_hal_tim.o
HAL_TIM_Encoder_MspDeInit                         build/stm32l0xx_hal_tim.o
HAL_TIM_Encoder_MspInit                           build/stm32l0xx_hal_tim.o
HAL_TIM_Encoder_Start                             build/stm32l0xx_hal_tim.o
HAL_TIM_Encoder_Start_DMA                         build/stm32l0xx_hal_tim.o
HAL_TIM_Encoder_Start_IT                          build/stm32l0xx_hal_tim.o
HAL_TIM_Encoder_Stop                              build/stm32l0xx_hal_tim.o
HAL_TIM_Encoder_Stop_DMA                          build/stm32l0xx_hal_tim.o
HAL_TIM_Encoder_Stop_IT                           build/stm32l0xx_hal_tim.o
HAL_TIM_ErrorCallback                             build/stm32l0xx_hal_tim.o
HAL_TIM_GenerateEvent                             build/stm32l0xx_hal_tim.o
HAL_TIM_GetActiveChannel                          build/stm32l0xx_hal_tim.o
HAL_TIM_GetChannelState                           build/stm32l0xx_hal_tim.o
HAL_TIM_IC_CaptureCallback                        build/stm32l0xx_hal_tim.o
HAL_TIM_IC_CaptureHalfCpltCallback                build/stm32l0xx_hal_tim.o
HAL_TIM_IC_ConfigChannel                          build/stm32l0xx_hal_tim.o
HAL_TIM_IC_DeInit                                 build/stm32l0xx_hal_tim.o
HAL_TIM_IC_GetState                               build/stm32l0xx_hal_tim.o
HAL_TIM_IC_Init                                   build/stm32l0xx_hal_tim.o
HAL_TIM_IC_MspDeInit                              build/stm32l0xx_hal_tim.o
HAL_TIM_IC_MspInit                                build/stm32l0xx_hal_tim.o
HAL_TIM_IC_Start                                  build/stm32l0xx_hal_tim.o
HAL_TIM_IC_Start_DMA                              build/stm32l0xx_hal_tim.o
HAL_TIM_IC_Start_IT                               build/stm32l0xx_hal_tim.o
HAL_TIM_IC_Stop                                   build/stm32l0xx_hal_tim.o
HAL_TIM_IC_Stop_DMA                               build/stm32l0xx_hal_tim.o
HAL_TIM_IC_Stop_IT                                build/stm32l0xx_hal_tim.o
HAL_TIM_IRQHandler                                build/stm32l0xx_hal_tim.o
                                                  build/stm32l0xx_it.o
HAL_TIM_MspPostInit                               build/stm32l0xx_hal_msp.o
                                                  build/main.o
HAL_TIM_OC_ConfigChannel                          build/stm32l0xx_hal_tim.o
HAL_TIM_OC_DeInit                                 build/stm32l0xx_hal_tim.o
HAL_TIM_OC_DelayElapsedCallback                   build/stm32l0xx_hal_tim.o
HAL_TIM_OC_GetState                               build/stm32l0xx_hal_tim.o
HAL_TIM_OC_Init                                   build/stm32l0xx_hal_tim.o
HAL_TIM_OC_MspDeInit                              build/stm32l0xx_hal_tim.o
HAL_TIM_OC_MspInit                                build/stm32l0xx_hal_tim.o
HAL_TIM_OC_Start                                  build/stm32l0xx_hal_tim.o
                                                  build/main.o
HAL_TIM_OC_Start_DMA                              build/stm32l0xx_hal_tim.o
HAL_TIM_OC_Start_IT                               build/stm32l0xx_hal_tim.o
HAL_TIM_OC_Stop                                   build/stm32l0xx_hal_tim.o
                                                  build/main.o
HAL_TIM_OC_Stop_DMA                               build/stm32l0xx_hal_tim.o
HAL_TIM_OC_Stop_IT                                build/stm32l0xx_hal_tim.o
HAL_TIM_OnePulse_ConfigChannel                    build/stm32l0xx_hal_tim.o
HAL_TIM_OnePulse_DeInit                           build/stm32l0xx_hal_tim.o
HAL_TIM_OnePulse_GetState                         build/stm32l0xx_hal_tim.o
HAL_TIM_OnePulse_Init                             build/stm32l0xx_hal_tim.o
HAL_TIM_OnePulse_MspDeInit                        build/stm32l0xx_hal_tim.o
HAL_TIM_OnePulse_MspInit                          build/stm32l0xx_hal_tim.o
HAL_TIM_OnePulse_Start                            build/stm32l0xx_hal_tim.o
HAL_TIM_OnePulse_Start_IT                         build/stm32l0xx_hal_tim.o
HAL_TIM_OnePulse_Stop                             build/stm32l0xx_hal_tim.o
HAL_TIM_OnePulse_Stop_IT                          build/stm32l0xx_hal_tim.o
HAL_TIM_PWM_ConfigChannel                         build/stm32l0xx_hal_tim.o
                                                  build/main.o
HAL_TIM_PWM_DeInit                                build/stm32l0xx_hal_tim.o
HAL_TIM_PWM_GetState                              build/stm32l0xx_hal_tim.o
HAL_TIM_PWM_Init                                  build/stm32l0xx_hal_tim.o
                                                  build/main.o
HAL_TIM_PWM_MspDeInit                             build/stm32l0xx_hal_tim.o
HAL_TIM_PWM_MspInit                               build/stm32l0xx_hal_tim.o
HAL_TIM_PWM_PulseFinishedCallback                 build/stm32l0xx_hal_tim.o
HAL_TIM_PWM_PulseFinishedHalfCpltCallback         build/stm32l0xx_hal_tim.o
HAL_TIM_PWM_Start                                 build/stm32l0xx_hal_tim.o
HAL_TIM_PWM_Start_DMA                             build/stm32l0xx_hal_tim.o
HAL_TIM_PWM_Start_IT                              build/stm32l0xx_hal_tim.o
HAL_TIM_PWM_Stop                                  build/stm32l0xx_hal_tim.o
HAL_TIM_PWM_Stop_DMA                              build/stm32l0xx_hal_tim.o
HAL_TIM_PWM_Stop_IT                               build/stm32l0xx_hal_tim.o
HAL_TIM_PeriodElapsedCallback                     build/main.o
HAL_TIM_PeriodElapsedHalfCpltCallback             build/stm32l0xx_hal_tim.o
HAL_TIM_ReadCapturedValue                         build/stm32l0xx_hal_tim.o
HAL_TIM_SlaveConfigSynchro                        build/stm32l0xx_hal_tim.o
HAL_TIM_SlaveConfigSynchro_IT                     build/stm32l0xx_hal_tim.o
HAL_TIM_TriggerCallback                           build/stm32l0xx_hal_tim.o
HAL_TIM_TriggerHalfCpltCallback                   build/stm32l0xx_hal_tim.o
HardFault_Handler                                 build/stm32l0xx_it.o
I2C1_IRQHandler                                   build/startup_stm32l011xx.o
LPTIM1_IRQHandler                                 build/startup_stm32l011xx.o
LPUART1_IRQHandler                                build/startup_stm32l011xx.o
NMI_Handler                                       build/stm32l0xx_it.o
PLLMulTable                                       build/system_stm32l0xx.o
                                                  build/stm32l0xx_hal_rcc.o
PVD_IRQHandler                                    build/startup_stm32l011xx.o
PendSV_Handler                                    build/stm32l0xx_it.o
RCC_IRQHandler                                    build/startup_stm32l011xx.o
RTC_IRQHandler                                    build/startup_stm32l011xx.o
Reset_Handler                                     build/startup_stm32l011xx.o
SPI1_IRQHandler                                   build/startup_stm32l011xx.o
SVC_Handler                                       build/stm32l0xx_it.o
SysTick_Handler                                   build/stm32l0xx_it.o
SystemClock_Config                                build/main.o
SystemCoreClock                                   build/system_stm32l0xx.o
                                                  build/stm32l0xx_hal_rcc.o
                                                  build/stm32l0xx_hal_pwr_ex.o
                                                  build/stm32l0xx_hal.o
SystemCoreClockUpdate                             build/system_stm32l0xx.o
SystemInit                                        build/system_stm32l0xx.o
                                                  build/startup_stm32l011xx.o
TIM21_IRQHandler                                  build/stm32l0xx_it.o
TIM2_IRQHandler                                   build/stm32l0xx_it.o
TIM_DMACaptureCplt                                build/stm32l0xx_hal_tim.o
TIM_DMACaptureHalfCplt                            build/stm32l0xx_hal_tim.o
TIM_DMAError                                      build/stm32l0xx_hal_tim.o
USART2_IRQHandler                                 build/startup_stm32l011xx.o
WWDG_IRQHandler                                   build/startup_stm32l011xx.o
__aeabi_idiv                                      c:/users/jarne/appdata/roaming/code/user/globalstorage/bmd.stm32-for-vscode/@xpack-dev-tools/arm-none-eabi-gcc/12.2.1-1.2.1/.content/bin/../lib/gcc/arm-none-eabi/12.2.1/thumb/v6-m/nofp\libgcc.a(_divsi3.o)
__aeabi_idiv0                                     c:/users/jarne/appdata/roaming/code/user/globalstorage/bmd.stm32-for-vscode/@xpack-dev-tools/arm-none-eabi-gcc/12.2.1-1.2.1/.content/bin/../lib/gcc/arm-none-eabi/12.2.1/thumb/v6-m/nofp\libgcc.a(_dvmd_tls.o)
                                                  c:/users/jarne/appdata/roaming/code/user/globalstorage/bmd.stm32-for-vscode/@xpack-dev-tools/arm-none-eabi-gcc/12.2.1-1.2.1/.content/bin/../lib/gcc/arm-none-eabi/12.2.1/thumb/v6-m/nofp\libgcc.a(_divsi3.o)
                                                  c:/users/jarne/appdata/roaming/code/user/globalstorage/bmd.stm32-for-vscode/@xpack-dev-tools/arm-none-eabi-gcc/12.2.1-1.2.1/.content/bin/../lib/gcc/arm-none-eabi/12.2.1/thumb/v6-m/nofp\libgcc.a(_udivsi3.o)
__aeabi_idivmod                                   c:/users/jarne/appdata/roaming/code/user/globalstorage/bmd.stm32-for-vscode/@xpack-dev-tools/arm-none-eabi-gcc/12.2.1-1.2.1/.content/bin/../lib/gcc/arm-none-eabi/12.2.1/thumb/v6-m/nofp\libgcc.a(_divsi3.o)
                                                  build/circular_buffer.o
__aeabi_ldiv0                                     c:/users/jarne/appdata/roaming/code/user/globalstorage/bmd.stm32-for-vscode/@xpack-dev-tools/arm-none-eabi-gcc/12.2.1-1.2.1/.content/bin/../lib/gcc/arm-none-eabi/12.2.1/thumb/v6-m/nofp\libgcc.a(_dvmd_tls.o)
                                                  c:/users/jarne/appdata/roaming/code/user/globalstorage/bmd.stm32-for-vscode/@xpack-dev-tools/arm-none-eabi-gcc/12.2.1-1.2.1/.content/bin/../lib/gcc/arm-none-eabi/12.2.1/thumb/v6-m/nofp\libgcc.a(_aeabi_uldivmod.o)
__aeabi_lmul                                      c:/users/jarne/appdata/roaming/code/user/globalstorage/bmd.stm32-for-vscode/@xpack-dev-tools/arm-none-eabi-gcc/12.2.1-1.2.1/.content/bin/../lib/gcc/arm-none-eabi/12.2.1/thumb/v6-m/nofp\libgcc.a(_muldi3.o)
                                                  build/stm32l0xx_hal_rcc.o
__aeabi_uidiv                                     c:/users/jarne/appdata/roaming/code/user/globalstorage/bmd.stm32-for-vscode/@xpack-dev-tools/arm-none-eabi-gcc/12.2.1-1.2.1/.content/bin/../lib/gcc/arm-none-eabi/12.2.1/thumb/v6-m/nofp\libgcc.a(_udivsi3.o)
                                                  build/stm32l0xx_hal_pwr_ex.o
                                                  build/stm32l0xx_hal_dma.o
                                                  build/stm32l0xx_hal.o
                                                  build/system_stm32l0xx.o
__aeabi_uidivmod                                  c:/users/jarne/appdata/roaming/code/user/globalstorage/bmd.stm32-for-vscode/@xpack-dev-tools/arm-none-eabi-gcc/12.2.1-1.2.1/.content/bin/../lib/gcc/arm-none-eabi/12.2.1/thumb/v6-m/nofp\libgcc.a(_udivsi3.o)
__aeabi_uldivmod                                  c:/users/jarne/appdata/roaming/code/user/globalstorage/bmd.stm32-for-vscode/@xpack-dev-tools/arm-none-eabi-gcc/12.2.1-1.2.1/.content/bin/../lib/gcc/arm-none-eabi/12.2.1/thumb/v6-m/nofp\libgcc.a(_aeabi_uldivmod.o)
                                                  build/stm32l0xx_hal_rcc.o
__atexit                                          c:/users/jarne/appdata/roaming/code/user/globalstorage/bmd.stm32-for-vscode/@xpack-dev-tools/arm-none-eabi-gcc/12.2.1-1.2.1/.content/bin/../lib/gcc/arm-none-eabi/12.2.1/../../../../arm-none-eabi/lib/thumb/v6-m/nofp\libc_nano.a(libc_a-__call_atexit.o)
                                                  c:/users/jarne/appdata/roaming/code/user/globalstorage/bmd.stm32-for-vscode/@xpack-dev-tools/arm-none-eabi-gcc/12.2.1-1.2.1/.content/bin/../lib/gcc/arm-none-eabi/12.2.1/../../../../arm-none-eabi/lib/thumb/v6-m/nofp\libc_nano.a(libc_a-__atexit.o)
__atexit0                                         c:/users/jarne/appdata/roaming/code/user/globalstorage/bmd.stm32-for-vscode/@xpack-dev-tools/arm-none-eabi-gcc/12.2.1-1.2.1/.content/bin/../lib/gcc/arm-none-eabi/12.2.1/../../../../arm-none-eabi/lib/thumb/v6-m/nofp\libc_nano.a(libc_a-__atexit.o)
__atexit_dummy                                    c:/users/jarne/appdata/roaming/code/user/globalstorage/bmd.stm32-for-vscode/@xpack-dev-tools/arm-none-eabi-gcc/12.2.1-1.2.1/.content/bin/../lib/gcc/arm-none-eabi/12.2.1/../../../../arm-none-eabi/lib/thumb/v6-m/nofp\libc_nano.a(libc_a-__atexit.o)
__atexit_recursive_mutex                          c:/users/jarne/appdata/roaming/code/user/globalstorage/bmd.stm32-for-vscode/@xpack-dev-tools/arm-none-eabi-gcc/12.2.1-1.2.1/.content/bin/../lib/gcc/arm-none-eabi/12.2.1/../../../../arm-none-eabi/lib/thumb/v6-m/nofp\libc_nano.a(libc_a-__call_atexit.o)
                                                  c:/users/jarne/appdata/roaming/code/user/globalstorage/bmd.stm32-for-vscode/@xpack-dev-tools/arm-none-eabi-gcc/12.2.1-1.2.1/.content/bin/../lib/gcc/arm-none-eabi/12.2.1/../../../../arm-none-eabi/lib/thumb/v6-m/nofp\libc_nano.a(libc_a-__atexit.o)
__bss_end__                                       c:/users/jarne/appdata/roaming/code/user/globalstorage/bmd.stm32-for-vscode/@xpack-dev-tools/arm-none-eabi-gcc/12.2.1-1.2.1/.content/bin/../lib/gcc/arm-none-eabi/12.2.1/../../../../arm-none-eabi/lib/thumb/v6-m/nofp/crt0.o
__bss_start__                                     c:/users/jarne/appdata/roaming/code/user/globalstorage/bmd.stm32-for-vscode/@xpack-dev-tools/arm-none-eabi-gcc/12.2.1-1.2.1/.content/bin/../lib/gcc/arm-none-eabi/12.2.1/../../../../arm-none-eabi/lib/thumb/v6-m/nofp/crt0.o
__call_exitprocs                                  c:/users/jarne/appdata/roaming/code/user/globalstorage/bmd.stm32-for-vscode/@xpack-dev-tools/arm-none-eabi-gcc/12.2.1-1.2.1/.content/bin/../lib/gcc/arm-none-eabi/12.2.1/../../../../arm-none-eabi/lib/thumb/v6-m/nofp\libc_nano.a(libc_a-__call_atexit.o)